Copyright 1986-2022 Xilinx, Inc. All Rights Reserved.
----------------------------------------------------------------------------------------------------------------------------------------
| Tool Version : Vivado v.2022.2 (lin64) Build 3671981 Fri Oct 14 04:59:54 MDT 2022
| Date         : Mon Sep  2 11:49:43 2024
| Host         : prince-ThinkPad-E14-Gen-5 running 64-bit Ubuntu 24.04 LTS
| Command      : report_utilization -hierarchical -hierarchical_depth 7 -file ./report/gesture_model_utilization_hierarchical_synth.rpt
| Design       : bd_0_wrapper
| Device       : xczu3eg-sbva484-2-i
| Speed File   : -2
| Design State : Synthesized
----------------------------------------------------------------------------------------------------------------------------------------

Utilization Design Information

Table of Contents
-----------------
1. Utilization by Hierarchy

1. Utilization by Hierarchy
---------------------------

+----------------------------------------------------------------------------------+--------------------------------------------------------------------------------------------------+------------+------------+---------+------+-------+--------+--------+------+------------+
|                                     Instance                                     |                                              Module                                              | Total LUTs | Logic LUTs | LUTRAMs | SRLs |  FFs  | RAMB36 | RAMB18 | URAM | DSP Blocks |
+----------------------------------------------------------------------------------+--------------------------------------------------------------------------------------------------+------------+------------+---------+------+-------+--------+--------+------+------------+
| bd_0_wrapper                                                                     |                                                                                            (top) |      20985 |      19504 |     718 |  763 | 15609 |     16 |      4 |    0 |         52 |
|   bd_0_i                                                                         |                                                                                             bd_0 |      20985 |      19504 |     718 |  763 | 15609 |     16 |      4 |    0 |         52 |
|     hls_inst                                                                     |                                                                                  bd_0_hls_inst_0 |      20985 |      19504 |     718 |  763 | 15609 |     16 |      4 |    0 |         52 |
|       (hls_inst)                                                                 |                                                                                  bd_0_hls_inst_0 |          0 |          0 |       0 |    0 |     0 |      0 |      0 |    0 |          0 |
|       inst                                                                       |                                                                    bd_0_hls_inst_0_gesture_model |      20985 |      19504 |     718 |  763 | 15609 |     16 |      4 |    0 |         52 |
|         (inst)                                                                   |                                                                    bd_0_hls_inst_0_gesture_model |          0 |          0 |       0 |    0 |     0 |      0 |      0 |    0 |          0 |
|         Loop_VITIS_LOOP_148_1_proc8_U0                                           |                                        bd_0_hls_inst_0_gesture_model_Loop_VITIS_LOOP_148_1_proc8 |        927 |        927 |       0 |    0 |   265 |      0 |      0 |    0 |          0 |
|           (Loop_VITIS_LOOP_148_1_proc8_U0)                                       |                                        bd_0_hls_inst_0_gesture_model_Loop_VITIS_LOOP_148_1_proc8 |        129 |        129 |       0 |    0 |    96 |      0 |      0 |    0 |          0 |
|           flow_control_loop_pipe_U                                               |                                         bd_0_hls_inst_0_gesture_model_flow_control_loop_pipe_284 |         14 |         14 |       0 |    0 |     1 |      0 |      0 |    0 |          0 |
|           fpext_32ns_64_2_no_dsp_1_U1                                            |                                           bd_0_hls_inst_0_gesture_model_fpext_32ns_64_2_no_dsp_1 |        757 |        757 |       0 |    0 |   100 |      0 |      0 |    0 |          0 |
|             (fpext_32ns_64_2_no_dsp_1_U1)                                        |                                           bd_0_hls_inst_0_gesture_model_fpext_32ns_64_2_no_dsp_1 |          0 |          0 |       0 |    0 |   100 |      0 |      0 |    0 |          0 |
|             gesture_model_fpext_32ns_64_2_no_dsp_1_ip_u                          |                                        bd_0_hls_inst_0_gesture_model_fpext_32ns_64_2_no_dsp_1_ip |        757 |        757 |       0 |    0 |     0 |      0 |      0 |    0 |          0 |
|               (gesture_model_fpext_32ns_64_2_no_dsp_1_ip_u)                      |                                        bd_0_hls_inst_0_gesture_model_fpext_32ns_64_2_no_dsp_1_ip |        690 |        690 |       0 |    0 |     0 |      0 |      0 |    0 |          0 |
|               inst                                                               |                                                           bd_0_hls_inst_0_floating_point_v7_1_15 |         67 |         67 |       0 |    0 |     0 |      0 |      0 |    0 |          0 |
|           regslice_both_input_stream_V_data_V_U                                  |                                                  bd_0_hls_inst_0_gesture_model_regslice_both_285 |         27 |         27 |       0 |    0 |    68 |      0 |      0 |    0 |          0 |
|         Loop_VITIS_LOOP_171_3_proc9_U0                                           |                                        bd_0_hls_inst_0_gesture_model_Loop_VITIS_LOOP_171_3_proc9 |        179 |        179 |       0 |    0 |   133 |      0 |      0 |    0 |          0 |
|           (Loop_VITIS_LOOP_171_3_proc9_U0)                                       |                                        bd_0_hls_inst_0_gesture_model_Loop_VITIS_LOOP_171_3_proc9 |         27 |         27 |       0 |    0 |    60 |      0 |      0 |    0 |          0 |
|           flow_control_loop_pipe_U                                               |                                         bd_0_hls_inst_0_gesture_model_flow_control_loop_pipe_283 |         14 |         14 |       0 |    0 |     1 |      0 |      0 |    0 |          0 |
|           regslice_both_output_stream_V_data_V_U                                 |                                                      bd_0_hls_inst_0_gesture_model_regslice_both |        132 |        132 |       0 |    0 |    66 |      0 |      0 |    0 |          0 |
|           regslice_both_output_stream_V_last_V_U                                 |                                      bd_0_hls_inst_0_gesture_model_regslice_both__parameterized1 |          6 |          6 |       0 |    0 |     6 |      0 |      0 |    0 |          0 |
|         Loop_VITIS_LOOP_77_1_proc_U0                                             |                                          bd_0_hls_inst_0_gesture_model_Loop_VITIS_LOOP_77_1_proc |         65 |         65 |       0 |    0 |    42 |      0 |      0 |    0 |          0 |
|           (Loop_VITIS_LOOP_77_1_proc_U0)                                         |                                          bd_0_hls_inst_0_gesture_model_Loop_VITIS_LOOP_77_1_proc |         33 |         33 |       0 |    0 |    41 |      0 |      0 |    0 |          0 |
|           flow_control_loop_pipe_U                                               |                                         bd_0_hls_inst_0_gesture_model_flow_control_loop_pipe_282 |         32 |         32 |       0 |    0 |     1 |      0 |      0 |    0 |          0 |
|         batch_norm_out_0_V_U                                                     |                                   bd_0_hls_inst_0_gesture_model_batch_norm_out_0_V_RAM_AUTO_1R1W |        112 |        112 |       0 |    0 |    56 |      2 |      2 |    0 |          0 |
|           (batch_norm_out_0_V_U)                                                 |                                   bd_0_hls_inst_0_gesture_model_batch_norm_out_0_V_RAM_AUTO_1R1W |          6 |          6 |       0 |    0 |    56 |      0 |      0 |    0 |          0 |
|           gen_buffer[0].gesture_model_batch_norm_out_0_V_RAM_AUTO_1R1W_memcore_U |                           bd_0_hls_inst_0_gesture_model_batch_norm_out_0_V_RAM_AUTO_1R1W_memcore |         17 |         17 |       0 |    0 |     0 |      1 |      1 |    0 |          0 |
|           gen_buffer[1].gesture_model_batch_norm_out_0_V_RAM_AUTO_1R1W_memcore_U |                       bd_0_hls_inst_0_gesture_model_batch_norm_out_0_V_RAM_AUTO_1R1W_memcore_281 |         89 |         89 |       0 |    0 |     0 |      1 |      1 |    0 |          0 |
|         batch_norm_out_1_V_U                                                     |                                   bd_0_hls_inst_0_gesture_model_batch_norm_out_1_V_RAM_AUTO_1R1W |        217 |        121 |      96 |    0 |   152 |      0 |      0 |    0 |          0 |
|           (batch_norm_out_1_V_U)                                                 |                                   bd_0_hls_inst_0_gesture_model_batch_norm_out_1_V_RAM_AUTO_1R1W |          9 |          9 |       0 |    0 |    56 |      0 |      0 |    0 |          0 |
|           gen_buffer[0].gesture_model_batch_norm_out_1_V_RAM_AUTO_1R1W_memcore_U |                           bd_0_hls_inst_0_gesture_model_batch_norm_out_1_V_RAM_AUTO_1R1W_memcore |         80 |         32 |      48 |    0 |    48 |      0 |      0 |    0 |          0 |
|           gen_buffer[1].gesture_model_batch_norm_out_1_V_RAM_AUTO_1R1W_memcore_U |                       bd_0_hls_inst_0_gesture_model_batch_norm_out_1_V_RAM_AUTO_1R1W_memcore_280 |        128 |         80 |      48 |    0 |    48 |      0 |      0 |    0 |          0 |
|         batch_normalization_0_U0                                                 |                                              bd_0_hls_inst_0_gesture_model_batch_normalization_0 |       5557 |       5179 |       0 |  378 |  4390 |      0 |      0 |    0 |          3 |
|           (batch_normalization_0_U0)                                             |                                              bd_0_hls_inst_0_gesture_model_batch_normalization_0 |        971 |        817 |       0 |  154 |   224 |      0 |      0 |    0 |          2 |
|           batch_norm_0_beta_V_U                                                  |              bd_0_hls_inst_0_gesture_model_batch_normalization_0_batch_norm_0_beta_V_ROM_AUTO_1R |          0 |          0 |       0 |    0 |    17 |      0 |      0 |    0 |          0 |
|           batch_norm_0_gamma_V_U                                                 |             bd_0_hls_inst_0_gesture_model_batch_normalization_0_batch_norm_0_gamma_V_ROM_AUTO_1R |          0 |          0 |       0 |    0 |    19 |      0 |      0 |    0 |          0 |
|           batch_norm_0_mean_V_U                                                  |              bd_0_hls_inst_0_gesture_model_batch_normalization_0_batch_norm_0_mean_V_ROM_AUTO_1R |          0 |          0 |       0 |    0 |    13 |      0 |      0 |    0 |          0 |
|           batch_norm_0_variance_V_U                                              |          bd_0_hls_inst_0_gesture_model_batch_normalization_0_batch_norm_0_variance_V_ROM_AUTO_1R |          0 |          0 |       0 |    0 |    11 |      0 |      0 |    0 |          0 |
|           dsqrt_64ns_64ns_64_21_no_dsp_1_U22                                     |                                  bd_0_hls_inst_0_gesture_model_dsqrt_64ns_64ns_64_21_no_dsp_1_73 |       1579 |       1565 |       0 |   14 |  1195 |      0 |      0 |    0 |          0 |
|             (dsqrt_64ns_64ns_64_21_no_dsp_1_U22)                                 |                                  bd_0_hls_inst_0_gesture_model_dsqrt_64ns_64ns_64_21_no_dsp_1_73 |          0 |          0 |       0 |    0 |    15 |      0 |      0 |    0 |          0 |
|             gesture_model_dsqrt_64ns_64ns_64_21_no_dsp_1_ip_u                    |                               bd_0_hls_inst_0_gesture_model_dsqrt_64ns_64ns_64_21_no_dsp_1_ip_77 |       1579 |       1565 |       0 |   14 |  1180 |      0 |      0 |    0 |          0 |
|               (gesture_model_dsqrt_64ns_64ns_64_21_no_dsp_1_ip_u)                |                               bd_0_hls_inst_0_gesture_model_dsqrt_64ns_64ns_64_21_no_dsp_1_ip_77 |          0 |          0 |       0 |    0 |     0 |      0 |      0 |    0 |          0 |
|               inst                                                               |                                           bd_0_hls_inst_0_floating_point_v7_1_15__parameterized0 |       1579 |       1565 |       0 |   14 |  1180 |      0 |      0 |    0 |          0 |
|           flow_control_loop_delay_pipe_U                                         |                                    bd_0_hls_inst_0_gesture_model_flow_control_loop_delay_pipe_74 |         64 |         64 |       0 |    0 |     2 |      0 |      0 |    0 |          0 |
|           frp_pipeline_valid_U                                                   |                                              bd_0_hls_inst_0_gesture_model_frp_pipeline_valid__1 |          9 |          9 |       0 |    0 |    80 |      0 |      0 |    0 |          0 |
|           mul_43s_19ns_62_1_1_U24                                                |                                                bd_0_hls_inst_0_gesture_model_mul_43s_19ns_62_1_1 |         57 |         57 |       0 |    0 |     0 |      0 |      0 |    0 |          1 |
|           pf_output_r_d0_U                                                       |                                                        bd_0_hls_inst_0_gesture_model_frp_fifoout |        187 |         76 |       0 |  111 |    12 |      0 |      0 |    0 |          0 |
|           sdiv_43s_24s_43_47_1_U23                                               |                                            bd_0_hls_inst_0_gesture_model_sdiv_43s_24s_43_47_1_75 |       2691 |       2592 |       0 |   99 |  2817 |      0 |      0 |    0 |          0 |
|             (sdiv_43s_24s_43_47_1_U23)                                           |                                            bd_0_hls_inst_0_gesture_model_sdiv_43s_24s_43_47_1_75 |       1081 |       1081 |       0 |    0 |    48 |      0 |      0 |    0 |          0 |
|             gesture_model_sdiv_43s_24s_43_47_1_divider_u                         |                                    bd_0_hls_inst_0_gesture_model_sdiv_43s_24s_43_47_1_divider_76 |       1610 |       1511 |       0 |   99 |  2769 |      0 |      0 |    0 |          0 |
|         batch_normalization_1_U0                                                 |                                              bd_0_hls_inst_0_gesture_model_batch_normalization_1 |       5411 |       5192 |       0 |  219 |  4345 |      0 |      0 |    0 |          3 |
|           (batch_normalization_1_U0)                                             |                                              bd_0_hls_inst_0_gesture_model_batch_normalization_1 |        816 |        801 |       0 |   15 |   166 |      0 |      0 |    0 |          2 |
|           batch_norm_1_beta_V_U                                                  |              bd_0_hls_inst_0_gesture_model_batch_normalization_1_batch_norm_1_beta_V_ROM_AUTO_1R |         45 |         45 |       0 |    0 |    18 |      0 |      0 |    0 |          0 |
|           batch_norm_1_mean_V_U                                                  |              bd_0_hls_inst_0_gesture_model_batch_normalization_1_batch_norm_1_mean_V_ROM_AUTO_1R |         10 |         10 |       0 |    0 |    19 |      0 |      0 |    0 |          0 |
|           batch_norm_1_variance_V_U                                              |          bd_0_hls_inst_0_gesture_model_batch_normalization_1_batch_norm_1_variance_V_ROM_AUTO_1R |          0 |          0 |       0 |    0 |    18 |      0 |      0 |    0 |          0 |
|           dsqrt_64ns_64ns_64_21_no_dsp_1_U44                                     |                                     bd_0_hls_inst_0_gesture_model_dsqrt_64ns_64ns_64_21_no_dsp_1 |       1590 |       1575 |       0 |   15 |  1213 |      0 |      0 |    0 |          0 |
|             (dsqrt_64ns_64ns_64_21_no_dsp_1_U44)                                 |                                     bd_0_hls_inst_0_gesture_model_dsqrt_64ns_64ns_64_21_no_dsp_1 |          0 |          0 |       0 |    0 |    22 |      0 |      0 |    0 |          0 |
|             gesture_model_dsqrt_64ns_64ns_64_21_no_dsp_1_ip_u                    |                                  bd_0_hls_inst_0_gesture_model_dsqrt_64ns_64ns_64_21_no_dsp_1_ip |       1590 |       1575 |       0 |   15 |  1191 |      0 |      0 |    0 |          0 |
|               (gesture_model_dsqrt_64ns_64ns_64_21_no_dsp_1_ip_u)                |                                  bd_0_hls_inst_0_gesture_model_dsqrt_64ns_64ns_64_21_no_dsp_1_ip |          0 |          0 |       0 |    0 |     0 |      0 |      0 |    0 |          0 |
|               inst                                                               |                                        bd_0_hls_inst_0_floating_point_v7_1_15__parameterized0__1 |       1590 |       1575 |       0 |   15 |  1191 |      0 |      0 |    0 |          0 |
|           flow_control_loop_delay_pipe_U                                         |                                       bd_0_hls_inst_0_gesture_model_flow_control_loop_delay_pipe |         24 |         24 |       0 |    0 |     2 |      0 |      0 |    0 |          0 |
|           frp_pipeline_valid_U                                                   |                                                 bd_0_hls_inst_0_gesture_model_frp_pipeline_valid |          9 |          9 |       0 |    0 |    80 |      0 |      0 |    0 |          0 |
|           mul_43s_20ns_63_1_1_U46                                                |                                                bd_0_hls_inst_0_gesture_model_mul_43s_20ns_63_1_1 |         67 |         67 |       0 |    0 |     0 |      0 |      0 |    0 |          1 |
|           pf_output_r_d0_U                                                       |                                        bd_0_hls_inst_0_gesture_model_frp_fifoout__parameterized0 |        159 |         69 |       0 |   90 |    12 |      0 |      0 |    0 |          0 |
|           sdiv_43s_24s_43_47_1_U45                                               |                                               bd_0_hls_inst_0_gesture_model_sdiv_43s_24s_43_47_1 |       2691 |       2592 |       0 |   99 |  2817 |      0 |      0 |    0 |          0 |
|             (sdiv_43s_24s_43_47_1_U45)                                           |                                               bd_0_hls_inst_0_gesture_model_sdiv_43s_24s_43_47_1 |       1081 |       1081 |       0 |    0 |    48 |      0 |      0 |    0 |          0 |
|             gesture_model_sdiv_43s_24s_43_47_1_divider_u                         |                                       bd_0_hls_inst_0_gesture_model_sdiv_43s_24s_43_47_1_divider |       1610 |       1511 |       0 |   99 |  2769 |      0 |      0 |    0 |          0 |
|         control_s_axi_U                                                          |                                                      bd_0_hls_inst_0_gesture_model_control_s_axi |         25 |         25 |       0 |    0 |    27 |      0 |      0 |    0 |          0 |
|         conv1d_0_U0                                                              |                                                           bd_0_hls_inst_0_gesture_model_conv1d_0 |        356 |        356 |       0 |    0 |   159 |      0 |      0 |    0 |          3 |
|           (conv1d_0_U0)                                                          |                                                           bd_0_hls_inst_0_gesture_model_conv1d_0 |         71 |         71 |       0 |    0 |   123 |      0 |      0 |    0 |          0 |
|           conv1d_0_biases_V_U                                                    |                             bd_0_hls_inst_0_gesture_model_conv1d_0_conv1d_0_biases_V_ROM_AUTO_1R |         77 |         77 |       0 |    0 |    17 |      0 |      0 |    0 |          0 |
|           conv1d_0_weights_V_2_0_U                                               |                        bd_0_hls_inst_0_gesture_model_conv1d_0_conv1d_0_weights_V_2_0_ROM_AUTO_1R |          1 |          1 |       0 |    0 |    18 |      0 |      0 |    0 |          0 |
|           flow_control_loop_pipe_U                                               |                                          bd_0_hls_inst_0_gesture_model_flow_control_loop_pipe_63 |         95 |         95 |       0 |    0 |     1 |      0 |      0 |    0 |          0 |
|           mul_mul_24s_18s_42_4_1_U12                                             |                                          bd_0_hls_inst_0_gesture_model_mul_mul_24s_18s_42_4_1_64 |         55 |         55 |       0 |    0 |     0 |      0 |      0 |    0 |          1 |
|             gesture_model_mul_mul_24s_18s_42_4_1_DSP48_0_U                       |                                  bd_0_hls_inst_0_gesture_model_mul_mul_24s_18s_42_4_1_DSP48_0_69 |         55 |         55 |       0 |    0 |     0 |      0 |      0 |    0 |          1 |
|           mul_mul_24s_18s_42_4_1_U13                                             |                                          bd_0_hls_inst_0_gesture_model_mul_mul_24s_18s_42_4_1_65 |          1 |          1 |       0 |    0 |     0 |      0 |      0 |    0 |          1 |
|             gesture_model_mul_mul_24s_18s_42_4_1_DSP48_0_U                       |                                  bd_0_hls_inst_0_gesture_model_mul_mul_24s_18s_42_4_1_DSP48_0_68 |          1 |          1 |       0 |    0 |     0 |      0 |      0 |    0 |          1 |
|           mul_mul_24s_18s_42_4_1_U14                                             |                                          bd_0_hls_inst_0_gesture_model_mul_mul_24s_18s_42_4_1_66 |         66 |         66 |       0 |    0 |     0 |      0 |      0 |    0 |          1 |
|             gesture_model_mul_mul_24s_18s_42_4_1_DSP48_0_U                       |                                  bd_0_hls_inst_0_gesture_model_mul_mul_24s_18s_42_4_1_DSP48_0_67 |         66 |         66 |       0 |    0 |     0 |      0 |      0 |    0 |          1 |
|         conv1d_out_0_V_U                                                         |                                       bd_0_hls_inst_0_gesture_model_conv1d_out_0_V_RAM_AUTO_1R1W |         28 |         28 |       0 |    0 |     6 |      3 |      0 |    0 |          0 |
|           (conv1d_out_0_V_U)                                                     |                                       bd_0_hls_inst_0_gesture_model_conv1d_out_0_V_RAM_AUTO_1R1W |          5 |          5 |       0 |    0 |     6 |      0 |      0 |    0 |          0 |
|           gesture_model_conv1d_out_0_V_RAM_AUTO_1R1W_memcore_U                   |                               bd_0_hls_inst_0_gesture_model_conv1d_out_0_V_RAM_AUTO_1R1W_memcore |         23 |         23 |       0 |    0 |     0 |      3 |      0 |    0 |          0 |
|         dense_0_U0                                                               |                                                            bd_0_hls_inst_0_gesture_model_dense_0 |        260 |        252 |       0 |    8 |   119 |      9 |      0 |    0 |          1 |
|           (dense_0_U0)                                                           |                                                            bd_0_hls_inst_0_gesture_model_dense_0 |         36 |         28 |       0 |    8 |   101 |      0 |      0 |    0 |          0 |
|           dense_0_biases_V_U                                                     |                               bd_0_hls_inst_0_gesture_model_dense_0_dense_0_biases_V_ROM_AUTO_1R |         96 |         96 |       0 |    0 |    17 |      0 |      0 |    0 |          0 |
|           dense_0_weights_V_U                                                    |                              bd_0_hls_inst_0_gesture_model_dense_0_dense_0_weights_V_ROM_AUTO_1R |          8 |          8 |       0 |    0 |     0 |      9 |      0 |    0 |          0 |
|           flow_control_loop_pipe_U                                               |                                          bd_0_hls_inst_0_gesture_model_flow_control_loop_pipe_62 |         61 |         61 |       0 |    0 |     1 |      0 |      0 |    0 |          0 |
|           mul_mul_24s_18s_42_4_1_U39                                             |                                             bd_0_hls_inst_0_gesture_model_mul_mul_24s_18s_42_4_1 |         60 |         60 |       0 |    0 |     0 |      0 |      0 |    0 |          1 |
|             gesture_model_mul_mul_24s_18s_42_4_1_DSP48_0_U                       |                                     bd_0_hls_inst_0_gesture_model_mul_mul_24s_18s_42_4_1_DSP48_0 |         60 |         60 |       0 |    0 |     0 |      0 |      0 |    0 |          1 |
|         dense_1_U0                                                               |                                                            bd_0_hls_inst_0_gesture_model_dense_1 |       6629 |       6471 |       0 |  158 |  5558 |      0 |      0 |    0 |         42 |
|           (dense_1_U0)                                                           |                                                            bd_0_hls_inst_0_gesture_model_dense_1 |        198 |        198 |       0 |    0 |   402 |      0 |      0 |    0 |          0 |
|           dexp_64ns_64ns_64_13_full_dsp_1_U114                                   |                                    bd_0_hls_inst_0_gesture_model_dexp_64ns_64ns_64_13_full_dsp_1 |       1825 |       1762 |       0 |   63 |   999 |      0 |      0 |    0 |         26 |
|             (dexp_64ns_64ns_64_13_full_dsp_1_U114)                               |                                    bd_0_hls_inst_0_gesture_model_dexp_64ns_64ns_64_13_full_dsp_1 |          0 |          0 |       0 |    0 |    31 |      0 |      0 |    0 |          0 |
|             gesture_model_dexp_64ns_64ns_64_13_full_dsp_1_ip_u                   |                                 bd_0_hls_inst_0_gesture_model_dexp_64ns_64ns_64_13_full_dsp_1_ip |       1825 |       1762 |       0 |   63 |   968 |      0 |      0 |    0 |         26 |
|               (gesture_model_dexp_64ns_64ns_64_13_full_dsp_1_ip_u)               |                                 bd_0_hls_inst_0_gesture_model_dexp_64ns_64ns_64_13_full_dsp_1_ip |          0 |          0 |       0 |    0 |     0 |      0 |      0 |    0 |          0 |
|               inst                                                               |                                           bd_0_hls_inst_0_floating_point_v7_1_15__parameterized1 |       1825 |       1762 |       0 |   63 |   968 |      0 |      0 |    0 |         26 |
|           grp_dense_1_Pipeline_VITIS_LOOP_109_1_fu_233                           |                                  bd_0_hls_inst_0_gesture_model_dense_1_Pipeline_VITIS_LOOP_109_1 |        551 |        545 |       0 |    6 |  1011 |      0 |      0 |    0 |         16 |
|             (grp_dense_1_Pipeline_VITIS_LOOP_109_1_fu_233)                       |                                  bd_0_hls_inst_0_gesture_model_dense_1_Pipeline_VITIS_LOOP_109_1 |         96 |         90 |       0 |    6 |   544 |      0 |      0 |    0 |          0 |
|             dense_1_biases_V_U                                                   |     bd_0_hls_inst_0_gesture_model_dense_1_Pipeline_VITIS_LOOP_109_1_dense_1_biases_V_ROM_AUTO_1R |         61 |         61 |       0 |    0 |    18 |      0 |      0 |    0 |          0 |
|             dense_1_weights_V_0_U                                                |  bd_0_hls_inst_0_gesture_model_dense_1_Pipeline_VITIS_LOOP_109_1_dense_1_weights_V_0_ROM_AUTO_1R |          0 |          0 |       0 |    0 |     1 |      0 |      0 |    0 |          0 |
|             dense_1_weights_V_10_U                                               | bd_0_hls_inst_0_gesture_model_dense_1_Pipeline_VITIS_LOOP_109_1_dense_1_weights_V_10_ROM_AUTO_1R |          0 |          0 |       0 |    0 |     1 |      0 |      0 |    0 |          0 |
|             dense_1_weights_V_11_U                                               | bd_0_hls_inst_0_gesture_model_dense_1_Pipeline_VITIS_LOOP_109_1_dense_1_weights_V_11_ROM_AUTO_1R |          0 |          0 |       0 |    0 |     1 |      0 |      0 |    0 |          0 |
|             dense_1_weights_V_12_U                                               | bd_0_hls_inst_0_gesture_model_dense_1_Pipeline_VITIS_LOOP_109_1_dense_1_weights_V_12_ROM_AUTO_1R |          0 |          0 |       0 |    0 |     1 |      0 |      0 |    0 |          0 |
|             dense_1_weights_V_13_U                                               | bd_0_hls_inst_0_gesture_model_dense_1_Pipeline_VITIS_LOOP_109_1_dense_1_weights_V_13_ROM_AUTO_1R |          0 |          0 |       0 |    0 |     1 |      0 |      0 |    0 |          0 |
|             dense_1_weights_V_14_U                                               | bd_0_hls_inst_0_gesture_model_dense_1_Pipeline_VITIS_LOOP_109_1_dense_1_weights_V_14_ROM_AUTO_1R |          0 |          0 |       0 |    0 |     1 |      0 |      0 |    0 |          0 |
|             dense_1_weights_V_15_U                                               | bd_0_hls_inst_0_gesture_model_dense_1_Pipeline_VITIS_LOOP_109_1_dense_1_weights_V_15_ROM_AUTO_1R |          1 |          1 |       0 |    0 |     1 |      0 |      0 |    0 |          0 |
|             dense_1_weights_V_1_U                                                |  bd_0_hls_inst_0_gesture_model_dense_1_Pipeline_VITIS_LOOP_109_1_dense_1_weights_V_1_ROM_AUTO_1R |          0 |          0 |       0 |    0 |     1 |      0 |      0 |    0 |          0 |
|             dense_1_weights_V_2_U                                                |  bd_0_hls_inst_0_gesture_model_dense_1_Pipeline_VITIS_LOOP_109_1_dense_1_weights_V_2_ROM_AUTO_1R |          0 |          0 |       0 |    0 |     1 |      0 |      0 |    0 |          0 |
|             dense_1_weights_V_3_U                                                |  bd_0_hls_inst_0_gesture_model_dense_1_Pipeline_VITIS_LOOP_109_1_dense_1_weights_V_3_ROM_AUTO_1R |          0 |          0 |       0 |    0 |     1 |      0 |      0 |    0 |          0 |
|             dense_1_weights_V_4_U                                                |  bd_0_hls_inst_0_gesture_model_dense_1_Pipeline_VITIS_LOOP_109_1_dense_1_weights_V_4_ROM_AUTO_1R |          0 |          0 |       0 |    0 |     1 |      0 |      0 |    0 |          0 |
|             dense_1_weights_V_5_U                                                |  bd_0_hls_inst_0_gesture_model_dense_1_Pipeline_VITIS_LOOP_109_1_dense_1_weights_V_5_ROM_AUTO_1R |          0 |          0 |       0 |    0 |     1 |      0 |      0 |    0 |          0 |
|             dense_1_weights_V_6_U                                                |  bd_0_hls_inst_0_gesture_model_dense_1_Pipeline_VITIS_LOOP_109_1_dense_1_weights_V_6_ROM_AUTO_1R |          0 |          0 |       0 |    0 |     1 |      0 |      0 |    0 |          0 |
|             dense_1_weights_V_7_U                                                |  bd_0_hls_inst_0_gesture_model_dense_1_Pipeline_VITIS_LOOP_109_1_dense_1_weights_V_7_ROM_AUTO_1R |          0 |          0 |       0 |    0 |     1 |      0 |      0 |    0 |          0 |
|             dense_1_weights_V_8_U                                                |  bd_0_hls_inst_0_gesture_model_dense_1_Pipeline_VITIS_LOOP_109_1_dense_1_weights_V_8_ROM_AUTO_1R |          0 |          0 |       0 |    0 |     1 |      0 |      0 |    0 |          0 |
|             dense_1_weights_V_9_U                                                |  bd_0_hls_inst_0_gesture_model_dense_1_Pipeline_VITIS_LOOP_109_1_dense_1_weights_V_9_ROM_AUTO_1R |          0 |          0 |       0 |    0 |     1 |      0 |      0 |    0 |          0 |
|             flow_control_loop_pipe_sequential_init_U                             |                           bd_0_hls_inst_0_gesture_model_flow_control_loop_pipe_sequential_init_5 |         11 |         11 |       0 |    0 |     2 |      0 |      0 |    0 |          0 |
|             mul_mul_24s_19s_43_4_1_U55                                           |                                             bd_0_hls_inst_0_gesture_model_mul_mul_24s_19s_43_4_1 |         30 |         30 |       0 |    0 |    26 |      0 |      0 |    0 |          1 |
|               gesture_model_mul_mul_24s_19s_43_4_1_DSP48_1_U                     |                                  bd_0_hls_inst_0_gesture_model_mul_mul_24s_19s_43_4_1_DSP48_1_35 |         30 |         30 |       0 |    0 |    26 |      0 |      0 |    0 |          1 |
|             mul_mul_24s_19s_43_4_1_U56                                           |                                           bd_0_hls_inst_0_gesture_model_mul_mul_24s_19s_43_4_1_6 |          0 |          0 |       0 |    0 |    27 |      0 |      0 |    0 |          1 |
|               gesture_model_mul_mul_24s_19s_43_4_1_DSP48_1_U                     |                                  bd_0_hls_inst_0_gesture_model_mul_mul_24s_19s_43_4_1_DSP48_1_34 |          0 |          0 |       0 |    0 |    27 |      0 |      0 |    0 |          1 |
|             mul_mul_24s_19s_43_4_1_U57                                           |                                           bd_0_hls_inst_0_gesture_model_mul_mul_24s_19s_43_4_1_7 |         25 |         25 |       0 |    0 |    27 |      0 |      0 |    0 |          1 |
|               gesture_model_mul_mul_24s_19s_43_4_1_DSP48_1_U                     |                                  bd_0_hls_inst_0_gesture_model_mul_mul_24s_19s_43_4_1_DSP48_1_33 |         25 |         25 |       0 |    0 |    27 |      0 |      0 |    0 |          1 |
|             mul_mul_24s_19s_43_4_1_U58                                           |                                           bd_0_hls_inst_0_gesture_model_mul_mul_24s_19s_43_4_1_8 |         28 |         28 |       0 |    0 |    27 |      0 |      0 |    0 |          1 |
|               gesture_model_mul_mul_24s_19s_43_4_1_DSP48_1_U                     |                                  bd_0_hls_inst_0_gesture_model_mul_mul_24s_19s_43_4_1_DSP48_1_32 |         28 |         28 |       0 |    0 |    27 |      0 |      0 |    0 |          1 |
|             mul_mul_24s_19s_43_4_1_U59                                           |                                           bd_0_hls_inst_0_gesture_model_mul_mul_24s_19s_43_4_1_9 |         24 |         24 |       0 |    0 |    27 |      0 |      0 |    0 |          1 |
|               gesture_model_mul_mul_24s_19s_43_4_1_DSP48_1_U                     |                                  bd_0_hls_inst_0_gesture_model_mul_mul_24s_19s_43_4_1_DSP48_1_31 |         24 |         24 |       0 |    0 |    27 |      0 |      0 |    0 |          1 |
|             mul_mul_24s_19s_43_4_1_U60                                           |                                          bd_0_hls_inst_0_gesture_model_mul_mul_24s_19s_43_4_1_10 |         25 |         25 |       0 |    0 |    27 |      0 |      0 |    0 |          1 |
|               gesture_model_mul_mul_24s_19s_43_4_1_DSP48_1_U                     |                                  bd_0_hls_inst_0_gesture_model_mul_mul_24s_19s_43_4_1_DSP48_1_30 |         25 |         25 |       0 |    0 |    27 |      0 |      0 |    0 |          1 |
|             mul_mul_24s_19s_43_4_1_U61                                           |                                          bd_0_hls_inst_0_gesture_model_mul_mul_24s_19s_43_4_1_11 |         25 |         25 |       0 |    0 |    27 |      0 |      0 |    0 |          1 |
|               gesture_model_mul_mul_24s_19s_43_4_1_DSP48_1_U                     |                                  bd_0_hls_inst_0_gesture_model_mul_mul_24s_19s_43_4_1_DSP48_1_29 |         25 |         25 |       0 |    0 |    27 |      0 |      0 |    0 |          1 |
|             mul_mul_24s_19s_43_4_1_U62                                           |                                          bd_0_hls_inst_0_gesture_model_mul_mul_24s_19s_43_4_1_12 |         25 |         25 |       0 |    0 |    27 |      0 |      0 |    0 |          1 |
|               gesture_model_mul_mul_24s_19s_43_4_1_DSP48_1_U                     |                                  bd_0_hls_inst_0_gesture_model_mul_mul_24s_19s_43_4_1_DSP48_1_28 |         25 |         25 |       0 |    0 |    27 |      0 |      0 |    0 |          1 |
|             mul_mul_24s_19s_43_4_1_U63                                           |                                          bd_0_hls_inst_0_gesture_model_mul_mul_24s_19s_43_4_1_13 |         25 |         25 |       0 |    0 |    27 |      0 |      0 |    0 |          1 |
|               gesture_model_mul_mul_24s_19s_43_4_1_DSP48_1_U                     |                                  bd_0_hls_inst_0_gesture_model_mul_mul_24s_19s_43_4_1_DSP48_1_27 |         25 |         25 |       0 |    0 |    27 |      0 |      0 |    0 |          1 |
|             mul_mul_24s_19s_43_4_1_U64                                           |                                          bd_0_hls_inst_0_gesture_model_mul_mul_24s_19s_43_4_1_14 |         25 |         25 |       0 |    0 |    27 |      0 |      0 |    0 |          1 |
|               gesture_model_mul_mul_24s_19s_43_4_1_DSP48_1_U                     |                                  bd_0_hls_inst_0_gesture_model_mul_mul_24s_19s_43_4_1_DSP48_1_26 |         25 |         25 |       0 |    0 |    27 |      0 |      0 |    0 |          1 |
|             mul_mul_24s_19s_43_4_1_U65                                           |                                          bd_0_hls_inst_0_gesture_model_mul_mul_24s_19s_43_4_1_15 |         25 |         25 |       0 |    0 |    27 |      0 |      0 |    0 |          1 |
|               gesture_model_mul_mul_24s_19s_43_4_1_DSP48_1_U                     |                                  bd_0_hls_inst_0_gesture_model_mul_mul_24s_19s_43_4_1_DSP48_1_25 |         25 |         25 |       0 |    0 |    27 |      0 |      0 |    0 |          1 |
|             mul_mul_24s_19s_43_4_1_U66                                           |                                          bd_0_hls_inst_0_gesture_model_mul_mul_24s_19s_43_4_1_16 |         25 |         25 |       0 |    0 |    27 |      0 |      0 |    0 |          1 |
|               gesture_model_mul_mul_24s_19s_43_4_1_DSP48_1_U                     |                                  bd_0_hls_inst_0_gesture_model_mul_mul_24s_19s_43_4_1_DSP48_1_24 |         25 |         25 |       0 |    0 |    27 |      0 |      0 |    0 |          1 |
|             mul_mul_24s_19s_43_4_1_U67                                           |                                          bd_0_hls_inst_0_gesture_model_mul_mul_24s_19s_43_4_1_17 |         25 |         25 |       0 |    0 |    27 |      0 |      0 |    0 |          1 |
|               gesture_model_mul_mul_24s_19s_43_4_1_DSP48_1_U                     |                                  bd_0_hls_inst_0_gesture_model_mul_mul_24s_19s_43_4_1_DSP48_1_23 |         25 |         25 |       0 |    0 |    27 |      0 |      0 |    0 |          1 |
|             mul_mul_24s_19s_43_4_1_U68                                           |                                          bd_0_hls_inst_0_gesture_model_mul_mul_24s_19s_43_4_1_18 |         25 |         25 |       0 |    0 |    27 |      0 |      0 |    0 |          1 |
|               gesture_model_mul_mul_24s_19s_43_4_1_DSP48_1_U                     |                                  bd_0_hls_inst_0_gesture_model_mul_mul_24s_19s_43_4_1_DSP48_1_22 |         25 |         25 |       0 |    0 |    27 |      0 |      0 |    0 |          1 |
|             mul_mul_24s_19s_43_4_1_U69                                           |                                          bd_0_hls_inst_0_gesture_model_mul_mul_24s_19s_43_4_1_19 |         25 |         25 |       0 |    0 |    27 |      0 |      0 |    0 |          1 |
|               gesture_model_mul_mul_24s_19s_43_4_1_DSP48_1_U                     |                                  bd_0_hls_inst_0_gesture_model_mul_mul_24s_19s_43_4_1_DSP48_1_21 |         25 |         25 |       0 |    0 |    27 |      0 |      0 |    0 |          1 |
|             mul_mul_24s_19s_43_4_1_U70                                           |                                          bd_0_hls_inst_0_gesture_model_mul_mul_24s_19s_43_4_1_20 |         25 |         25 |       0 |    0 |    27 |      0 |      0 |    0 |          1 |
|               gesture_model_mul_mul_24s_19s_43_4_1_DSP48_1_U                     |                                     bd_0_hls_inst_0_gesture_model_mul_mul_24s_19s_43_4_1_DSP48_1 |         25 |         25 |       0 |    0 |    27 |      0 |      0 |    0 |          1 |
|           grp_dense_1_Pipeline_VITIS_LOOP_120_3_fu_291                           |                                  bd_0_hls_inst_0_gesture_model_dense_1_Pipeline_VITIS_LOOP_120_3 |        202 |        200 |       0 |    2 |   143 |      0 |      0 |    0 |          0 |
|             (grp_dense_1_Pipeline_VITIS_LOOP_120_3_fu_291)                       |                                  bd_0_hls_inst_0_gesture_model_dense_1_Pipeline_VITIS_LOOP_120_3 |        166 |        164 |       0 |    2 |   141 |      0 |      0 |    0 |          0 |
|             flow_control_loop_pipe_sequential_init_U                             |                           bd_0_hls_inst_0_gesture_model_flow_control_loop_pipe_sequential_init_4 |         36 |         36 |       0 |    0 |     2 |      0 |      0 |    0 |          0 |
|           grp_dense_1_Pipeline_VITIS_LOOP_124_4_fu_298                           |                                  bd_0_hls_inst_0_gesture_model_dense_1_Pipeline_VITIS_LOOP_124_4 |       3853 |       3766 |       0 |   87 |  3003 |      0 |      0 |    0 |          0 |
|             (grp_dense_1_Pipeline_VITIS_LOOP_124_4_fu_298)                       |                                  bd_0_hls_inst_0_gesture_model_dense_1_Pipeline_VITIS_LOOP_124_4 |       1235 |       1221 |       0 |   14 |   285 |      0 |      0 |    0 |          0 |
|             flow_control_loop_pipe_sequential_init_U                             |                             bd_0_hls_inst_0_gesture_model_flow_control_loop_pipe_sequential_init |         23 |         23 |       0 |    0 |     2 |      0 |      0 |    0 |          0 |
|             sdiv_42ns_24s_42_46_1_U110                                           |                                              bd_0_hls_inst_0_gesture_model_sdiv_42ns_24s_42_46_1 |       2595 |       2522 |       0 |   73 |  2716 |      0 |      0 |    0 |          0 |
|               (sdiv_42ns_24s_42_46_1_U110)                                       |                                              bd_0_hls_inst_0_gesture_model_sdiv_42ns_24s_42_46_1 |        112 |        112 |       0 |    0 |    90 |      0 |      0 |    0 |          0 |
|               gesture_model_sdiv_42ns_24s_42_46_1_divider_u                      |                                      bd_0_hls_inst_0_gesture_model_sdiv_42ns_24s_42_46_1_divider |       2483 |       2410 |       0 |   73 |  2626 |      0 |      0 |    0 |          0 |
|         dense_out_0_V_U                                                          |                                        bd_0_hls_inst_0_gesture_model_dense_out_0_V_RAM_AUTO_1R1W |         75 |         29 |      46 |    0 |    29 |      0 |      0 |    0 |          0 |
|           (dense_out_0_V_U)                                                      |                                        bd_0_hls_inst_0_gesture_model_dense_out_0_V_RAM_AUTO_1R1W |          6 |          6 |       0 |    0 |     6 |      0 |      0 |    0 |          0 |
|           gesture_model_dense_out_0_V_RAM_AUTO_1R1W_memcore_U                    |                                bd_0_hls_inst_0_gesture_model_dense_out_0_V_RAM_AUTO_1R1W_memcore |         69 |         23 |      46 |    0 |    23 |      0 |      0 |    0 |          0 |
|         flatten_out_0_V_U                                                        |                                     bd_0_hls_inst_0_gesture_model_max_pool_out_0_V_RAM_AUTO_1R1W |          7 |          7 |       0 |    0 |     6 |      1 |      1 |    0 |          0 |
|           (flatten_out_0_V_U)                                                    |                                     bd_0_hls_inst_0_gesture_model_max_pool_out_0_V_RAM_AUTO_1R1W |          7 |          7 |       0 |    0 |     6 |      0 |      0 |    0 |          0 |
|           gesture_model_max_pool_out_0_V_RAM_AUTO_1R1W_memcore_U                 |                           bd_0_hls_inst_0_gesture_model_max_pool_out_0_V_RAM_AUTO_1R1W_memcore_3 |          0 |          0 |       0 |    0 |     0 |      1 |      1 |    0 |          0 |
|         input_V_0_U                                                              |                                            bd_0_hls_inst_0_gesture_model_input_V_0_RAM_AUTO_1R1W |        632 |        248 |     384 |    0 |   153 |      0 |      0 |    0 |          0 |
|           (input_V_0_U)                                                          |                                            bd_0_hls_inst_0_gesture_model_input_V_0_RAM_AUTO_1R1W |          6 |          6 |       0 |    0 |    57 |      0 |      0 |    0 |          0 |
|           gen_buffer[0].gesture_model_input_V_0_RAM_AUTO_1R1W_memcore_U          |                                    bd_0_hls_inst_0_gesture_model_input_V_0_RAM_AUTO_1R1W_memcore |        289 |         97 |     192 |    0 |    48 |      0 |      0 |    0 |          0 |
|           gen_buffer[1].gesture_model_input_V_0_RAM_AUTO_1R1W_memcore_U          |                                  bd_0_hls_inst_0_gesture_model_input_V_0_RAM_AUTO_1R1W_memcore_2 |        337 |        145 |     192 |    0 |    48 |      0 |      0 |    0 |          0 |
|         max_pool_out_0_V_U                                                       |                                   bd_0_hls_inst_0_gesture_model_max_pool_out_0_V_RAM_AUTO_1R1W_0 |          5 |          5 |       0 |    0 |     6 |      1 |      1 |    0 |          0 |
|           (max_pool_out_0_V_U)                                                   |                                   bd_0_hls_inst_0_gesture_model_max_pool_out_0_V_RAM_AUTO_1R1W_0 |          4 |          4 |       0 |    0 |     6 |      0 |      0 |    0 |          0 |
|           gesture_model_max_pool_out_0_V_RAM_AUTO_1R1W_memcore_U                 |                             bd_0_hls_inst_0_gesture_model_max_pool_out_0_V_RAM_AUTO_1R1W_memcore |          1 |          1 |       0 |    0 |     0 |      1 |      1 |    0 |          0 |
|         max_pooling1d_0_U0                                                       |                                                    bd_0_hls_inst_0_gesture_model_max_pooling1d_0 |         76 |         76 |       0 |    0 |    34 |      0 |      0 |    0 |          0 |
|           (max_pooling1d_0_U0)                                                   |                                                    bd_0_hls_inst_0_gesture_model_max_pooling1d_0 |         19 |         19 |       0 |    0 |    33 |      0 |      0 |    0 |          0 |
|           flow_control_loop_pipe_U                                               |                                             bd_0_hls_inst_0_gesture_model_flow_control_loop_pipe |         57 |         57 |       0 |    0 |     1 |      0 |      0 |    0 |          0 |
|         output_V_U                                                               |                                             bd_0_hls_inst_0_gesture_model_output_V_RAM_AUTO_1R1W |        424 |        232 |     192 |    0 |   129 |      0 |      0 |    0 |          0 |
|           (output_V_U)                                                           |                                             bd_0_hls_inst_0_gesture_model_output_V_RAM_AUTO_1R1W |          6 |          6 |       0 |    0 |    33 |      0 |      0 |    0 |          0 |
|           gen_buffer[0].gesture_model_output_V_RAM_AUTO_1R1W_memcore_U           |                                     bd_0_hls_inst_0_gesture_model_output_V_RAM_AUTO_1R1W_memcore |        162 |         66 |      96 |    0 |    48 |      0 |      0 |    0 |          0 |
|           gen_buffer[1].gesture_model_output_V_RAM_AUTO_1R1W_memcore_U           |                                   bd_0_hls_inst_0_gesture_model_output_V_RAM_AUTO_1R1W_memcore_1 |        256 |        160 |      96 |    0 |    48 |      0 |      0 |    0 |          0 |
+----------------------------------------------------------------------------------+--------------------------------------------------------------------------------------------------+------------+------------+---------+------+-------+--------+--------+------+------------+


