Copyright 1986-2022 Xilinx, Inc. All Rights Reserved.
----------------------------------------------------------------------------------------------------------------------------------------
| Tool Version : Vivado v.2022.2 (lin64) Build 3671981 Fri Oct 14 04:59:54 MDT 2022
| Date         : Thu Aug 29 18:17:19 2024
| Host         : prince-ThinkPad-E14-Gen-5 running 64-bit Ubuntu 24.04 LTS
| Command      : report_utilization -hierarchical -hierarchical_depth 8 -file ./report/gesture_model_utilization_hierarchical_synth.rpt
| Design       : bd_0_wrapper
| Device       : xczu3eg-sbva484-2-i
| Speed File   : -2
| Design State : Synthesized
----------------------------------------------------------------------------------------------------------------------------------------

Utilization Design Information

Table of Contents
-----------------
1. Utilization by Hierarchy

1. Utilization by Hierarchy
---------------------------

+-------------------------------------------------------------------------+-----------------------------------------------------------------------------------------------------+------------+------------+---------+------+------+--------+--------+------+------------+
|                                 Instance                                |                                                Module                                               | Total LUTs | Logic LUTs | LUTRAMs | SRLs |  FFs | RAMB36 | RAMB18 | URAM | DSP Blocks |
+-------------------------------------------------------------------------+-----------------------------------------------------------------------------------------------------+------------+------------+---------+------+------+--------+--------+------+------------+
| bd_0_wrapper                                                            |                                                                                               (top) |       4034 |       3254 |     596 |  184 | 3204 |      4 |      9 |    0 |         32 |
|   bd_0_i                                                                |                                                                                                bd_0 |       4034 |       3254 |     596 |  184 | 3204 |      4 |      9 |    0 |         32 |
|     hls_inst                                                            |                                                                                     bd_0_hls_inst_0 |       4034 |       3254 |     596 |  184 | 3204 |      4 |      9 |    0 |         32 |
|       (hls_inst)                                                        |                                                                                     bd_0_hls_inst_0 |          0 |          0 |       0 |    0 |    0 |      0 |      0 |    0 |          0 |
|       inst                                                              |                                                                       bd_0_hls_inst_0_gesture_model |       4034 |       3254 |     596 |  184 | 3204 |      4 |      9 |    0 |         32 |
|         (inst)                                                          |                                                                       bd_0_hls_inst_0_gesture_model |          0 |          0 |       0 |    0 |    0 |      0 |      0 |    0 |          0 |
|         Loop_VITIS_LOOP_42_1_proc_U0                                    |                                             bd_0_hls_inst_0_gesture_model_Loop_VITIS_LOOP_42_1_proc |         30 |         30 |       0 |    0 |   23 |      0 |      0 |    0 |          0 |
|           (Loop_VITIS_LOOP_42_1_proc_U0)                                |                                             bd_0_hls_inst_0_gesture_model_Loop_VITIS_LOOP_42_1_proc |          2 |          2 |       0 |    0 |   22 |      0 |      0 |    0 |          0 |
|           flow_control_loop_pipe_U                                      |                                             bd_0_hls_inst_0_gesture_model_flow_control_loop_pipe_45 |         28 |         28 |       0 |    0 |    1 |      0 |      0 |    0 |          0 |
|         batchnorm_1_U0                                                  |                                                           bd_0_hls_inst_0_gesture_model_batchnorm_1 |        311 |        272 |       0 |   39 |  260 |      0 |      0 |    0 |          1 |
|           (batchnorm_1_U0)                                              |                                                           bd_0_hls_inst_0_gesture_model_batchnorm_1 |         17 |          9 |       0 |    8 |   70 |      0 |      0 |    0 |          0 |
|           bn_moving_mean_1_V_U                                          |                            bd_0_hls_inst_0_gesture_model_batchnorm_1_bn_moving_mean_1_V_ROM_AUTO_1R |          0 |          0 |       0 |    0 |    4 |      0 |      0 |    0 |          0 |
|           flow_control_loop_pipe_U                                      |                                             bd_0_hls_inst_0_gesture_model_flow_control_loop_pipe_44 |         20 |         20 |       0 |    0 |    1 |      0 |      0 |    0 |          0 |
|           mac_muladd_24s_9ns_15s_24_4_1_U20                             |                                         bd_0_hls_inst_0_gesture_model_mac_muladd_24s_9ns_15s_24_4_1 |         10 |         10 |       0 |    0 |    0 |      0 |      0 |    0 |          1 |
|             gesture_model_mac_muladd_24s_9ns_15s_24_4_1_DSP48_6_U       |                                 bd_0_hls_inst_0_gesture_model_mac_muladd_24s_9ns_15s_24_4_1_DSP48_6 |         10 |         10 |       0 |    0 |    0 |      0 |      0 |    0 |          1 |
|           sdiv_24ns_1ns_24_28_1_U19                                     |                                                 bd_0_hls_inst_0_gesture_model_sdiv_24ns_1ns_24_28_1 |        264 |        233 |       0 |   31 |  185 |      0 |      0 |    0 |          0 |
|             (sdiv_24ns_1ns_24_28_1_U19)                                 |                                                 bd_0_hls_inst_0_gesture_model_sdiv_24ns_1ns_24_28_1 |         33 |         33 |       0 |    0 |   16 |      0 |      0 |    0 |          0 |
|             gesture_model_sdiv_24ns_1ns_24_28_1_divider_u               |                                         bd_0_hls_inst_0_gesture_model_sdiv_24ns_1ns_24_28_1_divider |        231 |        200 |       0 |   31 |  169 |      0 |      0 |    0 |          0 |
|         batchnorm_5_U0                                                  |                                                           bd_0_hls_inst_0_gesture_model_batchnorm_5 |        947 |        891 |       0 |   56 |  846 |      0 |      0 |    0 |          1 |
|           (batchnorm_5_U0)                                              |                                                           bd_0_hls_inst_0_gesture_model_batchnorm_5 |         18 |          8 |       0 |   10 |   71 |      0 |      0 |    0 |          0 |
|           bn_moving_mean_5_V_U                                          |                            bd_0_hls_inst_0_gesture_model_batchnorm_5_bn_moving_mean_5_V_ROM_AUTO_1R |          5 |          5 |       0 |    0 |    9 |      0 |      0 |    0 |          0 |
|           bn_moving_variance_5_V_U                                      |                        bd_0_hls_inst_0_gesture_model_batchnorm_5_bn_moving_variance_5_V_ROM_AUTO_1R |          0 |          0 |       0 |    0 |    8 |      0 |      0 |    0 |          0 |
|           flow_control_loop_delay_pipe_U                                |                                          bd_0_hls_inst_0_gesture_model_flow_control_loop_delay_pipe |         22 |         22 |       0 |    0 |    2 |      0 |      0 |    0 |          0 |
|           grp_sqrt_fixed_17_9_s_fu_134                                  |                                                     bd_0_hls_inst_0_gesture_model_sqrt_fixed_17_9_s |        124 |        124 |       0 |    0 |   44 |      0 |      0 |    0 |          0 |
|           mac_muladd_24s_10ns_16s_24_4_1_U39                            |                                        bd_0_hls_inst_0_gesture_model_mac_muladd_24s_10ns_16s_24_4_1 |         11 |         11 |       0 |    0 |    0 |      0 |      0 |    0 |          1 |
|             gesture_model_mac_muladd_24s_10ns_16s_24_4_1_DSP48_7_U      |                                bd_0_hls_inst_0_gesture_model_mac_muladd_24s_10ns_16s_24_4_1_DSP48_7 |         11 |         11 |       0 |    0 |    0 |      0 |      0 |    0 |          1 |
|           sdiv_24ns_10ns_24_28_1_U38                                    |                                                bd_0_hls_inst_0_gesture_model_sdiv_24ns_10ns_24_28_1 |        767 |        721 |       0 |   46 |  712 |      0 |      0 |    0 |          0 |
|             (sdiv_24ns_10ns_24_28_1_U38)                                |                                                bd_0_hls_inst_0_gesture_model_sdiv_24ns_10ns_24_28_1 |         64 |         55 |       0 |    9 |   16 |      0 |      0 |    0 |          0 |
|             gesture_model_sdiv_24ns_10ns_24_28_1_divider_u              |                                        bd_0_hls_inst_0_gesture_model_sdiv_24ns_10ns_24_28_1_divider |        703 |        666 |       0 |   37 |  696 |      0 |      0 |    0 |          0 |
|         bn1_out_V_U                                                     |                                               bd_0_hls_inst_0_gesture_model_bn1_out_V_RAM_AUTO_1R1W |        376 |        184 |     192 |    0 |  105 |      0 |      0 |    0 |          0 |
|           (bn1_out_V_U)                                                 |                                               bd_0_hls_inst_0_gesture_model_bn1_out_V_RAM_AUTO_1R1W |         10 |         10 |       0 |    0 |   41 |      0 |      0 |    0 |          0 |
|           gen_buffer[0].gesture_model_bn1_out_V_RAM_AUTO_1R1W_memcore_U |                                       bd_0_hls_inst_0_gesture_model_bn1_out_V_RAM_AUTO_1R1W_memcore |        155 |         59 |      96 |    0 |   32 |      0 |      0 |    0 |          0 |
|           gen_buffer[1].gesture_model_bn1_out_V_RAM_AUTO_1R1W_memcore_U |                                    bd_0_hls_inst_0_gesture_model_bn1_out_V_RAM_AUTO_1R1W_memcore_43 |        211 |        115 |      96 |    0 |   32 |      0 |      0 |    0 |          0 |
|         bn2_out_V_U                                                     |                                               bd_0_hls_inst_0_gesture_model_bn2_out_V_RAM_AUTO_1R1W |        147 |         83 |      64 |    0 |  105 |      0 |      0 |    0 |          0 |
|           (bn2_out_V_U)                                                 |                                               bd_0_hls_inst_0_gesture_model_bn2_out_V_RAM_AUTO_1R1W |          5 |          5 |       0 |    0 |   41 |      0 |      0 |    0 |          0 |
|           gen_buffer[0].gesture_model_bn2_out_V_RAM_AUTO_1R1W_memcore_U |                                       bd_0_hls_inst_0_gesture_model_bn2_out_V_RAM_AUTO_1R1W_memcore |         55 |         23 |      32 |    0 |   32 |      0 |      0 |    0 |          0 |
|           gen_buffer[1].gesture_model_bn2_out_V_RAM_AUTO_1R1W_memcore_U |                                    bd_0_hls_inst_0_gesture_model_bn2_out_V_RAM_AUTO_1R1W_memcore_42 |         87 |         55 |      32 |    0 |   32 |      0 |      0 |    0 |          0 |
|         conv1d_0_U0                                                     |                                                              bd_0_hls_inst_0_gesture_model_conv1d_0 |        406 |        406 |       0 |    0 |  105 |      0 |      0 |    0 |         10 |
|           (conv1d_0_U0)                                                 |                                                              bd_0_hls_inst_0_gesture_model_conv1d_0 |        174 |        174 |       0 |    0 |  104 |      0 |      0 |    0 |          0 |
|           flow_control_loop_pipe_U                                      |                                             bd_0_hls_inst_0_gesture_model_flow_control_loop_pipe_31 |         48 |         48 |       0 |    0 |    1 |      0 |      0 |    0 |          0 |
|           mac_muladd_16s_5ns_24s_24_4_1_U5                              |                                         bd_0_hls_inst_0_gesture_model_mac_muladd_16s_5ns_24s_24_4_1 |         27 |         27 |       0 |    0 |    0 |      0 |      0 |    0 |          1 |
|             gesture_model_mac_muladd_16s_5ns_24s_24_4_1_DSP48_4_U       |                                 bd_0_hls_inst_0_gesture_model_mac_muladd_16s_5ns_24s_24_4_1_DSP48_4 |         27 |         27 |       0 |    0 |    0 |      0 |      0 |    0 |          1 |
|           mac_muladd_16s_6ns_24s_24_4_1_U6                              |                                         bd_0_hls_inst_0_gesture_model_mac_muladd_16s_6ns_24s_24_4_1 |         17 |         17 |       0 |    0 |    0 |      0 |      0 |    0 |          1 |
|             gesture_model_mac_muladd_16s_6ns_24s_24_4_1_DSP48_5_U       |                              bd_0_hls_inst_0_gesture_model_mac_muladd_16s_6ns_24s_24_4_1_DSP48_5_41 |         17 |         17 |       0 |    0 |    0 |      0 |      0 |    0 |          1 |
|           mac_muladd_16s_6ns_24s_24_4_1_U8                              |                                      bd_0_hls_inst_0_gesture_model_mac_muladd_16s_6ns_24s_24_4_1_32 |         17 |         17 |       0 |    0 |    0 |      0 |      0 |    0 |          1 |
|             gesture_model_mac_muladd_16s_6ns_24s_24_4_1_DSP48_5_U       |                                 bd_0_hls_inst_0_gesture_model_mac_muladd_16s_6ns_24s_24_4_1_DSP48_5 |         17 |         17 |       0 |    0 |    0 |      0 |      0 |    0 |          1 |
|           mac_muladd_16s_7ns_22s_24_4_1_U2                              |                                         bd_0_hls_inst_0_gesture_model_mac_muladd_16s_7ns_22s_24_4_1 |          0 |          0 |       0 |    0 |    0 |      0 |      0 |    0 |          1 |
|             gesture_model_mac_muladd_16s_7ns_22s_24_4_1_DSP48_1_U       |                                 bd_0_hls_inst_0_gesture_model_mac_muladd_16s_7ns_22s_24_4_1_DSP48_1 |          0 |          0 |       0 |    0 |    0 |      0 |      0 |    0 |          1 |
|           mac_muladd_16s_7s_24s_24_4_1_U10                              |                                       bd_0_hls_inst_0_gesture_model_mac_muladd_16s_7s_24s_24_4_1_33 |         49 |         49 |       0 |    0 |    0 |      0 |      0 |    0 |          1 |
|             gesture_model_mac_muladd_16s_7s_24s_24_4_1_DSP48_2_U        |                               bd_0_hls_inst_0_gesture_model_mac_muladd_16s_7s_24s_24_4_1_DSP48_2_40 |         49 |         49 |       0 |    0 |    0 |      0 |      0 |    0 |          1 |
|           mac_muladd_16s_7s_24s_24_4_1_U3                               |                                       bd_0_hls_inst_0_gesture_model_mac_muladd_16s_7s_24s_24_4_1_34 |         28 |         28 |       0 |    0 |    0 |      0 |      0 |    0 |          1 |
|             gesture_model_mac_muladd_16s_7s_24s_24_4_1_DSP48_2_U        |                               bd_0_hls_inst_0_gesture_model_mac_muladd_16s_7s_24s_24_4_1_DSP48_2_39 |         28 |         28 |       0 |    0 |    0 |      0 |      0 |    0 |          1 |
|           mac_muladd_16s_7s_24s_24_4_1_U7                               |                                       bd_0_hls_inst_0_gesture_model_mac_muladd_16s_7s_24s_24_4_1_35 |         11 |         11 |       0 |    0 |    0 |      0 |      0 |    0 |          1 |
|             gesture_model_mac_muladd_16s_7s_24s_24_4_1_DSP48_2_U        |                               bd_0_hls_inst_0_gesture_model_mac_muladd_16s_7s_24s_24_4_1_DSP48_2_38 |         11 |         11 |       0 |    0 |    0 |      0 |      0 |    0 |          1 |
|           mac_muladd_16s_7s_24s_24_4_1_U9                               |                                       bd_0_hls_inst_0_gesture_model_mac_muladd_16s_7s_24s_24_4_1_36 |          2 |          2 |       0 |    0 |    0 |      0 |      0 |    0 |          1 |
|             gesture_model_mac_muladd_16s_7s_24s_24_4_1_DSP48_2_U        |                               bd_0_hls_inst_0_gesture_model_mac_muladd_16s_7s_24s_24_4_1_DSP48_2_37 |          2 |          2 |       0 |    0 |    0 |      0 |      0 |    0 |          1 |
|           mac_muladd_16s_8s_24ns_24_4_1_U4                              |                                         bd_0_hls_inst_0_gesture_model_mac_muladd_16s_8s_24ns_24_4_1 |         33 |         33 |       0 |    0 |    0 |      0 |      0 |    0 |          1 |
|             gesture_model_mac_muladd_16s_8s_24ns_24_4_1_DSP48_3_U       |                                 bd_0_hls_inst_0_gesture_model_mac_muladd_16s_8s_24ns_24_4_1_DSP48_3 |         33 |         33 |       0 |    0 |    0 |      0 |      0 |    0 |          1 |
|           mul_mul_16s_5ns_22_4_1_U1                                     |                                                bd_0_hls_inst_0_gesture_model_mul_mul_16s_5ns_22_4_1 |          0 |          0 |       0 |    0 |    0 |      0 |      0 |    0 |          1 |
|             gesture_model_mul_mul_16s_5ns_22_4_1_DSP48_0_U              |                                        bd_0_hls_inst_0_gesture_model_mul_mul_16s_5ns_22_4_1_DSP48_0 |          0 |          0 |       0 |    0 |    0 |      0 |      0 |    0 |          1 |
|         conv1d_out_V_U                                                  |                                            bd_0_hls_inst_0_gesture_model_conv1d_out_V_RAM_AUTO_1R1W |        199 |         49 |     150 |    0 |   21 |      0 |      0 |    0 |          0 |
|           (conv1d_out_V_U)                                              |                                            bd_0_hls_inst_0_gesture_model_conv1d_out_V_RAM_AUTO_1R1W |          3 |          3 |       0 |    0 |    6 |      0 |      0 |    0 |          0 |
|           gesture_model_conv1d_out_V_RAM_AUTO_1R1W_memcore_U            |                                    bd_0_hls_inst_0_gesture_model_conv1d_out_V_RAM_AUTO_1R1W_memcore |        196 |         46 |     150 |    0 |   15 |      0 |      0 |    0 |          0 |
|         dense1_out_V_U                                                  |                                            bd_0_hls_inst_0_gesture_model_dense1_out_V_RAM_AUTO_1R1W |         59 |         29 |      30 |    0 |   21 |      0 |      0 |    0 |          0 |
|           (dense1_out_V_U)                                              |                                            bd_0_hls_inst_0_gesture_model_dense1_out_V_RAM_AUTO_1R1W |          7 |          7 |       0 |    0 |    6 |      0 |      0 |    0 |          0 |
|           gesture_model_dense1_out_V_RAM_AUTO_1R1W_memcore_U            |                                    bd_0_hls_inst_0_gesture_model_dense1_out_V_RAM_AUTO_1R1W_memcore |         52 |         22 |      30 |    0 |   15 |      0 |      0 |    0 |          0 |
|         dense_4_U0                                                      |                                                               bd_0_hls_inst_0_gesture_model_dense_4 |        155 |        152 |       0 |    3 |   82 |      3 |      1 |    0 |          1 |
|           (dense_4_U0)                                                  |                                                               bd_0_hls_inst_0_gesture_model_dense_4 |          8 |          5 |       0 |    3 |   73 |      0 |      0 |    0 |          0 |
|           dense_biases_4_V_U                                            |                                  bd_0_hls_inst_0_gesture_model_dense_4_dense_biases_4_V_ROM_AUTO_1R |          9 |          9 |       0 |    0 |    8 |      0 |      0 |    0 |          0 |
|           dense_weights_4_V_U                                           |                                 bd_0_hls_inst_0_gesture_model_dense_4_dense_weights_4_V_ROM_AUTO_1R |          4 |          4 |       0 |    0 |    0 |      3 |      1 |    0 |          0 |
|           flow_control_loop_pipe_U                                      |                                             bd_0_hls_inst_0_gesture_model_flow_control_loop_pipe_30 |         52 |         52 |       0 |    0 |    1 |      0 |      0 |    0 |          0 |
|           mac_muladd_16s_7s_24s_24_4_1_U32                              |                                          bd_0_hls_inst_0_gesture_model_mac_muladd_16s_7s_24s_24_4_1 |         82 |         82 |       0 |    0 |    0 |      0 |      0 |    0 |          1 |
|             gesture_model_mac_muladd_16s_7s_24s_24_4_1_DSP48_2_U        |                                  bd_0_hls_inst_0_gesture_model_mac_muladd_16s_7s_24s_24_4_1_DSP48_2 |         82 |         82 |       0 |    0 |    0 |      0 |      0 |    0 |          1 |
|         dense_output_7_U0                                               |                                                        bd_0_hls_inst_0_gesture_model_dense_output_7 |        240 |        190 |       0 |   50 |  510 |      0 |      8 |    0 |         19 |
|           (dense_output_7_U0)                                           |                                                        bd_0_hls_inst_0_gesture_model_dense_output_7 |         17 |         17 |       0 |    0 |  268 |      0 |      0 |    0 |          0 |
|           grp_dense_output_7_Pipeline_VITIS_LOOP_67_1_fu_201            |                               bd_0_hls_inst_0_gesture_model_dense_output_7_Pipeline_VITIS_LOOP_67_1 |        223 |        173 |       0 |   50 |  242 |      0 |      8 |    0 |         19 |
|             (grp_dense_output_7_Pipeline_VITIS_LOOP_67_1_fu_201)        |                               bd_0_hls_inst_0_gesture_model_dense_output_7_Pipeline_VITIS_LOOP_67_1 |         39 |         27 |       0 |   12 |  117 |      0 |      0 |    0 |          0 |
|             dense_biases_7_V_U                                          |  bd_0_hls_inst_0_gesture_model_dense_output_7_Pipeline_VITIS_LOOP_67_1_dense_biases_7_V_ROM_AUTO_1R |          6 |          6 |       0 |    0 |    8 |      0 |      0 |    0 |          0 |
|             dense_weights_7_V_U                                         | bd_0_hls_inst_0_gesture_model_dense_output_7_Pipeline_VITIS_LOOP_67_1_dense_weights_7_V_ROM_AUTO_1R |         12 |         12 |       0 |    0 |    0 |      0 |      8 |    0 |          0 |
|             flow_control_loop_pipe_sequential_init_U                    |                              bd_0_hls_inst_0_gesture_model_flow_control_loop_pipe_sequential_init_1 |         16 |         16 |       0 |    0 |    2 |      0 |      0 |    0 |          0 |
|             grp_exp_17_9_s_fu_435                                       |                                                            bd_0_hls_inst_0_gesture_model_exp_17_9_s |        136 |         98 |       0 |   38 |  115 |      0 |      0 |    0 |          3 |
|               (grp_exp_17_9_s_fu_435)                                   |                                                            bd_0_hls_inst_0_gesture_model_exp_17_9_s |         67 |         29 |       0 |   38 |   42 |      0 |      0 |    0 |          0 |
|               exp_x_msb_1_table_V_U                                     |                            bd_0_hls_inst_0_gesture_model_exp_17_9_s_exp_x_msb_1_table_V_ROM_AUTO_1R |         41 |         41 |       0 |    0 |   25 |      0 |      0 |    0 |          0 |
|               exp_x_msb_2_m_1_table_V_U                                 |                        bd_0_hls_inst_0_gesture_model_exp_17_9_s_exp_x_msb_2_m_1_table_V_ROM_AUTO_1R |          0 |          0 |       0 |    0 |   25 |      0 |      0 |    0 |          0 |
|               f_x_lsb_table_V_U                                         |                                bd_0_hls_inst_0_gesture_model_exp_17_9_s_f_x_lsb_table_V_ROM_AUTO_1R |          1 |          1 |       0 |    0 |    3 |      0 |      0 |    0 |          0 |
|               mul_25ns_25ns_50_1_1_U48                                  |                                                  bd_0_hls_inst_0_gesture_model_mul_25ns_25ns_50_1_1 |         13 |         13 |       0 |    0 |    0 |      0 |      0 |    0 |          2 |
|               mul_mul_25ns_18ns_43_4_1_U49                              |                                              bd_0_hls_inst_0_gesture_model_mul_mul_25ns_18ns_43_4_1 |         16 |         16 |       0 |    0 |   20 |      0 |      0 |    0 |          1 |
|                 gesture_model_mul_mul_25ns_18ns_43_4_1_DSP48_8_U        |                                      bd_0_hls_inst_0_gesture_model_mul_mul_25ns_18ns_43_4_1_DSP48_8 |         16 |         16 |       0 |    0 |   20 |      0 |      0 |    0 |          1 |
|             mac_muladd_16s_9s_24ns_24_4_1_U57                           |                                         bd_0_hls_inst_0_gesture_model_mac_muladd_16s_9s_24ns_24_4_1 |          0 |          0 |       0 |    0 |    0 |      0 |      0 |    0 |          1 |
|               gesture_model_mac_muladd_16s_9s_24ns_24_4_1_DSP48_10_U    |                             bd_0_hls_inst_0_gesture_model_mac_muladd_16s_9s_24ns_24_4_1_DSP48_10_29 |          0 |          0 |       0 |    0 |    0 |      0 |      0 |    0 |          1 |
|             mac_muladd_16s_9s_24ns_24_4_1_U58                           |                                       bd_0_hls_inst_0_gesture_model_mac_muladd_16s_9s_24ns_24_4_1_2 |          0 |          0 |       0 |    0 |    0 |      0 |      0 |    0 |          1 |
|               gesture_model_mac_muladd_16s_9s_24ns_24_4_1_DSP48_10_U    |                             bd_0_hls_inst_0_gesture_model_mac_muladd_16s_9s_24ns_24_4_1_DSP48_10_28 |          0 |          0 |       0 |    0 |    0 |      0 |      0 |    0 |          1 |
|             mac_muladd_16s_9s_24ns_24_4_1_U59                           |                                       bd_0_hls_inst_0_gesture_model_mac_muladd_16s_9s_24ns_24_4_1_3 |          0 |          0 |       0 |    0 |    0 |      0 |      0 |    0 |          1 |
|               gesture_model_mac_muladd_16s_9s_24ns_24_4_1_DSP48_10_U    |                             bd_0_hls_inst_0_gesture_model_mac_muladd_16s_9s_24ns_24_4_1_DSP48_10_27 |          0 |          0 |       0 |    0 |    0 |      0 |      0 |    0 |          1 |
|             mac_muladd_16s_9s_24ns_24_4_1_U60                           |                                       bd_0_hls_inst_0_gesture_model_mac_muladd_16s_9s_24ns_24_4_1_4 |          0 |          0 |       0 |    0 |    0 |      0 |      0 |    0 |          1 |
|               gesture_model_mac_muladd_16s_9s_24ns_24_4_1_DSP48_10_U    |                             bd_0_hls_inst_0_gesture_model_mac_muladd_16s_9s_24ns_24_4_1_DSP48_10_26 |          0 |          0 |       0 |    0 |    0 |      0 |      0 |    0 |          1 |
|             mac_muladd_16s_9s_24ns_24_4_1_U61                           |                                       bd_0_hls_inst_0_gesture_model_mac_muladd_16s_9s_24ns_24_4_1_5 |          0 |          0 |       0 |    0 |    0 |      0 |      0 |    0 |          1 |
|               gesture_model_mac_muladd_16s_9s_24ns_24_4_1_DSP48_10_U    |                             bd_0_hls_inst_0_gesture_model_mac_muladd_16s_9s_24ns_24_4_1_DSP48_10_25 |          0 |          0 |       0 |    0 |    0 |      0 |      0 |    0 |          1 |
|             mac_muladd_16s_9s_24ns_24_4_1_U62                           |                                       bd_0_hls_inst_0_gesture_model_mac_muladd_16s_9s_24ns_24_4_1_6 |          0 |          0 |       0 |    0 |    0 |      0 |      0 |    0 |          1 |
|               gesture_model_mac_muladd_16s_9s_24ns_24_4_1_DSP48_10_U    |                             bd_0_hls_inst_0_gesture_model_mac_muladd_16s_9s_24ns_24_4_1_DSP48_10_24 |          0 |          0 |       0 |    0 |    0 |      0 |      0 |    0 |          1 |
|             mac_muladd_16s_9s_24ns_24_4_1_U63                           |                                       bd_0_hls_inst_0_gesture_model_mac_muladd_16s_9s_24ns_24_4_1_7 |          0 |          0 |       0 |    0 |    0 |      0 |      0 |    0 |          1 |
|               gesture_model_mac_muladd_16s_9s_24ns_24_4_1_DSP48_10_U    |                             bd_0_hls_inst_0_gesture_model_mac_muladd_16s_9s_24ns_24_4_1_DSP48_10_23 |          0 |          0 |       0 |    0 |    0 |      0 |      0 |    0 |          1 |
|             mac_muladd_16s_9s_24ns_24_4_1_U64                           |                                       bd_0_hls_inst_0_gesture_model_mac_muladd_16s_9s_24ns_24_4_1_8 |          0 |          0 |       0 |    0 |    0 |      0 |      0 |    0 |          1 |
|               gesture_model_mac_muladd_16s_9s_24ns_24_4_1_DSP48_10_U    |                             bd_0_hls_inst_0_gesture_model_mac_muladd_16s_9s_24ns_24_4_1_DSP48_10_22 |          0 |          0 |       0 |    0 |    0 |      0 |      0 |    0 |          1 |
|             mac_muladd_16s_9s_24ns_24_4_1_U65                           |                                       bd_0_hls_inst_0_gesture_model_mac_muladd_16s_9s_24ns_24_4_1_9 |          0 |          0 |       0 |    0 |    0 |      0 |      0 |    0 |          1 |
|               gesture_model_mac_muladd_16s_9s_24ns_24_4_1_DSP48_10_U    |                             bd_0_hls_inst_0_gesture_model_mac_muladd_16s_9s_24ns_24_4_1_DSP48_10_21 |          0 |          0 |       0 |    0 |    0 |      0 |      0 |    0 |          1 |
|             mac_muladd_16s_9s_24ns_24_4_1_U66                           |                                      bd_0_hls_inst_0_gesture_model_mac_muladd_16s_9s_24ns_24_4_1_10 |          0 |          0 |       0 |    0 |    0 |      0 |      0 |    0 |          1 |
|               gesture_model_mac_muladd_16s_9s_24ns_24_4_1_DSP48_10_U    |                             bd_0_hls_inst_0_gesture_model_mac_muladd_16s_9s_24ns_24_4_1_DSP48_10_20 |          0 |          0 |       0 |    0 |    0 |      0 |      0 |    0 |          1 |
|             mac_muladd_16s_9s_24ns_24_4_1_U67                           |                                      bd_0_hls_inst_0_gesture_model_mac_muladd_16s_9s_24ns_24_4_1_11 |          0 |          0 |       0 |    0 |    0 |      0 |      0 |    0 |          1 |
|               gesture_model_mac_muladd_16s_9s_24ns_24_4_1_DSP48_10_U    |                             bd_0_hls_inst_0_gesture_model_mac_muladd_16s_9s_24ns_24_4_1_DSP48_10_19 |          0 |          0 |       0 |    0 |    0 |      0 |      0 |    0 |          1 |
|             mac_muladd_16s_9s_24ns_24_4_1_U68                           |                                      bd_0_hls_inst_0_gesture_model_mac_muladd_16s_9s_24ns_24_4_1_12 |          0 |          0 |       0 |    0 |    0 |      0 |      0 |    0 |          1 |
|               gesture_model_mac_muladd_16s_9s_24ns_24_4_1_DSP48_10_U    |                             bd_0_hls_inst_0_gesture_model_mac_muladd_16s_9s_24ns_24_4_1_DSP48_10_18 |          0 |          0 |       0 |    0 |    0 |      0 |      0 |    0 |          1 |
|             mac_muladd_16s_9s_24ns_24_4_1_U69                           |                                      bd_0_hls_inst_0_gesture_model_mac_muladd_16s_9s_24ns_24_4_1_13 |          0 |          0 |       0 |    0 |    0 |      0 |      0 |    0 |          1 |
|               gesture_model_mac_muladd_16s_9s_24ns_24_4_1_DSP48_10_U    |                             bd_0_hls_inst_0_gesture_model_mac_muladd_16s_9s_24ns_24_4_1_DSP48_10_17 |          0 |          0 |       0 |    0 |    0 |      0 |      0 |    0 |          1 |
|             mac_muladd_16s_9s_24ns_24_4_1_U70                           |                                      bd_0_hls_inst_0_gesture_model_mac_muladd_16s_9s_24ns_24_4_1_14 |          0 |          0 |       0 |    0 |    0 |      0 |      0 |    0 |          1 |
|               gesture_model_mac_muladd_16s_9s_24ns_24_4_1_DSP48_10_U    |                             bd_0_hls_inst_0_gesture_model_mac_muladd_16s_9s_24ns_24_4_1_DSP48_10_16 |          0 |          0 |       0 |    0 |    0 |      0 |      0 |    0 |          1 |
|             mac_muladd_16s_9s_24ns_24_4_1_U71                           |                                      bd_0_hls_inst_0_gesture_model_mac_muladd_16s_9s_24ns_24_4_1_15 |         14 |         14 |       0 |    0 |    0 |      0 |      0 |    0 |          1 |
|               gesture_model_mac_muladd_16s_9s_24ns_24_4_1_DSP48_10_U    |                                bd_0_hls_inst_0_gesture_model_mac_muladd_16s_9s_24ns_24_4_1_DSP48_10 |         14 |         14 |       0 |    0 |    0 |      0 |      0 |    0 |          1 |
|             mul_mul_16s_9s_24_4_1_U56                                   |                                                 bd_0_hls_inst_0_gesture_model_mul_mul_16s_9s_24_4_1 |          0 |          0 |       0 |    0 |    0 |      0 |      0 |    0 |          1 |
|               gesture_model_mul_mul_16s_9s_24_4_1_DSP48_9_U             |                                         bd_0_hls_inst_0_gesture_model_mul_mul_16s_9s_24_4_1_DSP48_9 |          0 |          0 |       0 |    0 |    0 |      0 |      0 |    0 |          1 |
|         dense_output_out_V_U                                            |                                      bd_0_hls_inst_0_gesture_model_dense_output_out_V_RAM_AUTO_1R1W |        100 |         36 |      64 |    0 |   22 |      0 |      0 |    0 |          0 |
|           (dense_output_out_V_U)                                        |                                      bd_0_hls_inst_0_gesture_model_dense_output_out_V_RAM_AUTO_1R1W |          4 |          4 |       0 |    0 |    6 |      0 |      0 |    0 |          0 |
|           gesture_model_dense_output_out_V_RAM_AUTO_1R1W_memcore_U      |                              bd_0_hls_inst_0_gesture_model_dense_output_out_V_RAM_AUTO_1R1W_memcore |         96 |         32 |      64 |    0 |   16 |      0 |      0 |    0 |          0 |
|         flatten_out_V_U                                                 |                                           bd_0_hls_inst_0_gesture_model_flatten_out_V_RAM_AUTO_1R1W |          5 |          5 |       0 |    0 |    6 |      1 |      0 |    0 |          0 |
|           (flatten_out_V_U)                                             |                                           bd_0_hls_inst_0_gesture_model_flatten_out_V_RAM_AUTO_1R1W |          5 |          5 |       0 |    0 |    6 |      0 |      0 |    0 |          0 |
|           gesture_model_flatten_out_V_RAM_AUTO_1R1W_memcore_U           |                                   bd_0_hls_inst_0_gesture_model_flatten_out_V_RAM_AUTO_1R1W_memcore |          0 |          0 |       0 |    0 |    0 |      1 |      0 |    0 |          0 |
|         maxpool1d_2_U0                                                  |                                                           bd_0_hls_inst_0_gesture_model_maxpool1d_2 |         33 |         33 |       0 |    0 |   15 |      0 |      0 |    0 |          0 |
|           (maxpool1d_2_U0)                                              |                                                           bd_0_hls_inst_0_gesture_model_maxpool1d_2 |          6 |          6 |       0 |    0 |   14 |      0 |      0 |    0 |          0 |
|           flow_control_loop_pipe_U                                      |                                                bd_0_hls_inst_0_gesture_model_flow_control_loop_pipe |         27 |         27 |       0 |    0 |    1 |      0 |      0 |    0 |          0 |
|         maxpool_out_V_U                                                 |                                           bd_0_hls_inst_0_gesture_model_maxpool_out_V_RAM_AUTO_1R1W |        118 |         22 |      96 |    0 |   22 |      0 |      0 |    0 |          0 |
|           (maxpool_out_V_U)                                             |                                           bd_0_hls_inst_0_gesture_model_maxpool_out_V_RAM_AUTO_1R1W |          5 |          5 |       0 |    0 |    6 |      0 |      0 |    0 |          0 |
|           gesture_model_maxpool_out_V_RAM_AUTO_1R1W_memcore_U           |                                   bd_0_hls_inst_0_gesture_model_maxpool_out_V_RAM_AUTO_1R1W_memcore |        113 |         17 |      96 |    0 |   16 |      0 |      0 |    0 |          0 |
|         softmax_7_U0                                                    |                                                             bd_0_hls_inst_0_gesture_model_softmax_7 |        915 |        879 |       0 |   36 | 1061 |      0 |      0 |    0 |          0 |
|           (softmax_7_U0)                                                |                                                             bd_0_hls_inst_0_gesture_model_softmax_7 |          1 |          1 |       0 |    0 |    6 |      0 |      0 |    0 |          0 |
|           grp_softmax_7_Pipeline_VITIS_LOOP_79_1_fu_24                  |                                    bd_0_hls_inst_0_gesture_model_softmax_7_Pipeline_VITIS_LOOP_79_1 |          9 |          9 |       0 |    0 |   24 |      0 |      0 |    0 |          0 |
|             (grp_softmax_7_Pipeline_VITIS_LOOP_79_1_fu_24)              |                                    bd_0_hls_inst_0_gesture_model_softmax_7_Pipeline_VITIS_LOOP_79_1 |          0 |          0 |       0 |    0 |   22 |      0 |      0 |    0 |          0 |
|             flow_control_loop_pipe_sequential_init_U                    |                              bd_0_hls_inst_0_gesture_model_flow_control_loop_pipe_sequential_init_0 |          9 |          9 |       0 |    0 |    2 |      0 |      0 |    0 |          0 |
|           grp_softmax_7_Pipeline_VITIS_LOOP_82_2_fu_31                  |                                    bd_0_hls_inst_0_gesture_model_softmax_7_Pipeline_VITIS_LOOP_82_2 |        905 |        869 |       0 |   36 | 1031 |      0 |      0 |    0 |          0 |
|             (grp_softmax_7_Pipeline_VITIS_LOOP_82_2_fu_31)              |                                    bd_0_hls_inst_0_gesture_model_softmax_7_Pipeline_VITIS_LOOP_82_2 |         10 |          3 |       0 |    7 |   61 |      0 |      0 |    0 |          0 |
|             flow_control_loop_pipe_sequential_init_U                    |                                bd_0_hls_inst_0_gesture_model_flow_control_loop_pipe_sequential_init |         18 |         18 |       0 |    0 |    2 |      0 |      0 |    0 |          0 |
|             sdiv_24ns_16s_16_28_1_U97                                   |                                                 bd_0_hls_inst_0_gesture_model_sdiv_24ns_16s_16_28_1 |        877 |        848 |       0 |   29 |  968 |      0 |      0 |    0 |          0 |
|               (sdiv_24ns_16s_16_28_1_U97)                               |                                                 bd_0_hls_inst_0_gesture_model_sdiv_24ns_16s_16_28_1 |         31 |         31 |       0 |    0 |   48 |      0 |      0 |    0 |          0 |
|               gesture_model_sdiv_24ns_16s_16_28_1_divider_u             |                                         bd_0_hls_inst_0_gesture_model_sdiv_24ns_16s_16_28_1_divider |        846 |        817 |       0 |   29 |  920 |      0 |      0 |    0 |          0 |
+-------------------------------------------------------------------------+-----------------------------------------------------------------------------------------------------+------------+------------+---------+------+------+--------+--------+------+------------+


