Copyright 1986-2022 Xilinx, Inc. All Rights Reserved.
----------------------------------------------------------------------------------------------------------------------------------------
| Tool Version : Vivado v.2022.2 (lin64) Build 3671981 Fri Oct 14 04:59:54 MDT 2022
| Date         : Fri Aug 30 03:15:38 2024
| Host         : prince-ThinkPad-E14-Gen-5 running 64-bit Ubuntu 24.04 LTS
| Command      : report_utilization -hierarchical -hierarchical_depth 7 -file ./report/gesture_model_utilization_hierarchical_synth.rpt
| Design       : bd_0_wrapper
| Device       : xczu3eg-sbva484-2-i
| Speed File   : -2
| Design State : Synthesized
----------------------------------------------------------------------------------------------------------------------------------------

Utilization Design Information

Table of Contents
-----------------
1. Utilization by Hierarchy

1. Utilization by Hierarchy
---------------------------

+----------------------------------------------------------------------------------+----------------------------------------------------------------------------------------------+------------+------------+---------+------+------+--------+--------+------+------------+
|                                     Instance                                     |                                            Module                                            | Total LUTs | Logic LUTs | LUTRAMs | SRLs |  FFs | RAMB36 | RAMB18 | URAM | DSP Blocks |
+----------------------------------------------------------------------------------+----------------------------------------------------------------------------------------------+------------+------------+---------+------+------+--------+--------+------+------------+
| bd_0_wrapper                                                                     |                                                                                        (top) |      11175 |      10293 |     458 |  424 | 8356 |      9 |      1 |    0 |         48 |
|   bd_0_i                                                                         |                                                                                         bd_0 |      11175 |      10293 |     458 |  424 | 8356 |      9 |      1 |    0 |         48 |
|     hls_inst                                                                     |                                                                              bd_0_hls_inst_0 |      11175 |      10293 |     458 |  424 | 8356 |      9 |      1 |    0 |         48 |
|       (hls_inst)                                                                 |                                                                              bd_0_hls_inst_0 |          0 |          0 |       0 |    0 |    0 |      0 |      0 |    0 |          0 |
|       inst                                                                       |                                                                bd_0_hls_inst_0_gesture_model |      11175 |      10293 |     458 |  424 | 8356 |      9 |      1 |    0 |         48 |
|         (inst)                                                                   |                                                                bd_0_hls_inst_0_gesture_model |          0 |          0 |       0 |    0 |    0 |      0 |      0 |    0 |          0 |
|         Loop_VITIS_LOOP_149_1_proc8_U0                                           |                                    bd_0_hls_inst_0_gesture_model_Loop_VITIS_LOOP_149_1_proc8 |         49 |         49 |       0 |    0 |   45 |      0 |      0 |    0 |          0 |
|           (Loop_VITIS_LOOP_149_1_proc8_U0)                                       |                                    bd_0_hls_inst_0_gesture_model_Loop_VITIS_LOOP_149_1_proc8 |          0 |          0 |       0 |    0 |    8 |      0 |      0 |    0 |          0 |
|           flow_control_loop_pipe_U                                               |                                     bd_0_hls_inst_0_gesture_model_flow_control_loop_pipe_276 |         11 |         11 |       0 |    0 |    1 |      0 |      0 |    0 |          0 |
|           regslice_both_input_stream_U                                           |                                              bd_0_hls_inst_0_gesture_model_regslice_both_277 |         38 |         38 |       0 |    0 |   36 |      0 |      0 |    0 |          0 |
|         Loop_VITIS_LOOP_166_3_proc9_U0                                           |                                    bd_0_hls_inst_0_gesture_model_Loop_VITIS_LOOP_166_3_proc9 |         36 |         36 |       0 |    0 |   45 |      0 |      0 |    0 |          0 |
|           (Loop_VITIS_LOOP_166_3_proc9_U0)                                       |                                    bd_0_hls_inst_0_gesture_model_Loop_VITIS_LOOP_166_3_proc9 |          5 |          5 |       0 |    0 |    8 |      0 |      0 |    0 |          0 |
|           flow_control_loop_pipe_U                                               |                                     bd_0_hls_inst_0_gesture_model_flow_control_loop_pipe_275 |         10 |         10 |       0 |    0 |    1 |      0 |      0 |    0 |          0 |
|           regslice_both_output_stream_U                                          |                                                  bd_0_hls_inst_0_gesture_model_regslice_both |         21 |         21 |       0 |    0 |   36 |      0 |      0 |    0 |          0 |
|         Loop_VITIS_LOOP_79_1_proc_U0                                             |                                      bd_0_hls_inst_0_gesture_model_Loop_VITIS_LOOP_79_1_proc |         67 |         67 |       0 |    0 |   42 |      0 |      0 |    0 |          0 |
|           (Loop_VITIS_LOOP_79_1_proc_U0)                                         |                                      bd_0_hls_inst_0_gesture_model_Loop_VITIS_LOOP_79_1_proc |         36 |         36 |       0 |    0 |   41 |      0 |      0 |    0 |          0 |
|           flow_control_loop_pipe_U                                               |                                     bd_0_hls_inst_0_gesture_model_flow_control_loop_pipe_274 |         31 |         31 |       0 |    0 |    1 |      0 |      0 |    0 |          0 |
|         batch_norm_out_0_V_U                                                     |                               bd_0_hls_inst_0_gesture_model_batch_norm_out_0_V_RAM_AUTO_1R1W |         83 |         83 |       0 |    0 |   40 |      2 |      0 |    0 |          0 |
|           (batch_norm_out_0_V_U)                                                 |                               bd_0_hls_inst_0_gesture_model_batch_norm_out_0_V_RAM_AUTO_1R1W |          5 |          5 |       0 |    0 |   40 |      0 |      0 |    0 |          0 |
|           gen_buffer[0].gesture_model_batch_norm_out_0_V_RAM_AUTO_1R1W_memcore_U |                       bd_0_hls_inst_0_gesture_model_batch_norm_out_0_V_RAM_AUTO_1R1W_memcore |         15 |         15 |       0 |    0 |    0 |      1 |      0 |    0 |          0 |
|           gen_buffer[1].gesture_model_batch_norm_out_0_V_RAM_AUTO_1R1W_memcore_U |                   bd_0_hls_inst_0_gesture_model_batch_norm_out_0_V_RAM_AUTO_1R1W_memcore_273 |         63 |         63 |       0 |    0 |    0 |      1 |      0 |    0 |          0 |
|         batch_norm_out_1_V_U                                                     |                               bd_0_hls_inst_0_gesture_model_batch_norm_out_1_V_RAM_AUTO_1R1W |        148 |         84 |      64 |    0 |  104 |      0 |      0 |    0 |          0 |
|           (batch_norm_out_1_V_U)                                                 |                               bd_0_hls_inst_0_gesture_model_batch_norm_out_1_V_RAM_AUTO_1R1W |          4 |          4 |       0 |    0 |   40 |      0 |      0 |    0 |          0 |
|           gen_buffer[0].gesture_model_batch_norm_out_1_V_RAM_AUTO_1R1W_memcore_U |                       bd_0_hls_inst_0_gesture_model_batch_norm_out_1_V_RAM_AUTO_1R1W_memcore |         56 |         24 |      32 |    0 |   32 |      0 |      0 |    0 |          0 |
|           gen_buffer[1].gesture_model_batch_norm_out_1_V_RAM_AUTO_1R1W_memcore_U |                   bd_0_hls_inst_0_gesture_model_batch_norm_out_1_V_RAM_AUTO_1R1W_memcore_272 |         88 |         56 |      32 |    0 |   32 |      0 |      0 |    0 |          0 |
|         batch_normalization_0_U0                                                 |                                          bd_0_hls_inst_0_gesture_model_batch_normalization_0 |       2967 |       2801 |       0 |  166 | 2370 |      0 |      0 |    0 |          1 |
|           (batch_normalization_0_U0)                                             |                                          bd_0_hls_inst_0_gesture_model_batch_normalization_0 |         96 |         39 |       0 |   57 |  136 |      0 |      0 |    0 |          0 |
|           batch_norm_0_beta_V_U                                                  |          bd_0_hls_inst_0_gesture_model_batch_normalization_0_batch_norm_0_beta_V_ROM_AUTO_1R |          0 |          0 |       0 |    0 |    7 |      0 |      0 |    0 |          0 |
|           batch_norm_0_gamma_V_U                                                 |         bd_0_hls_inst_0_gesture_model_batch_normalization_0_batch_norm_0_gamma_V_ROM_AUTO_1R |          0 |          0 |       0 |    0 |    9 |      0 |      0 |    0 |          0 |
|           batch_norm_0_mean_V_U                                                  |          bd_0_hls_inst_0_gesture_model_batch_normalization_0_batch_norm_0_mean_V_ROM_AUTO_1R |          0 |          0 |       0 |    0 |    4 |      0 |      0 |    0 |          0 |
|           batch_norm_0_variance_V_U                                              |      bd_0_hls_inst_0_gesture_model_batch_normalization_0_batch_norm_0_variance_V_ROM_AUTO_1R |          0 |          0 |       0 |    0 |    1 |      0 |      0 |    0 |          0 |
|           dsqrt_64ns_64ns_64_21_no_dsp_1_U15                                     |                              bd_0_hls_inst_0_gesture_model_dsqrt_64ns_64ns_64_21_no_dsp_1_69 |       1562 |       1548 |       0 |   14 | 1173 |      0 |      0 |    0 |          0 |
|             (dsqrt_64ns_64ns_64_21_no_dsp_1_U15)                                 |                              bd_0_hls_inst_0_gesture_model_dsqrt_64ns_64ns_64_21_no_dsp_1_69 |          0 |          0 |       0 |    0 |    1 |      0 |      0 |    0 |          0 |
|             gesture_model_dsqrt_64ns_64ns_64_21_no_dsp_1_ip_u                    |                           bd_0_hls_inst_0_gesture_model_dsqrt_64ns_64ns_64_21_no_dsp_1_ip_73 |       1562 |       1548 |       0 |   14 | 1172 |      0 |      0 |    0 |          0 |
|               (gesture_model_dsqrt_64ns_64ns_64_21_no_dsp_1_ip_u)                |                           bd_0_hls_inst_0_gesture_model_dsqrt_64ns_64ns_64_21_no_dsp_1_ip_73 |          0 |          0 |       0 |    0 |    0 |      0 |      0 |    0 |          0 |
|               inst                                                               |                                                       bd_0_hls_inst_0_floating_point_v7_1_15 |       1562 |       1548 |       0 |   14 | 1172 |      0 |      0 |    0 |          0 |
|           flow_control_loop_delay_pipe_U                                         |                                bd_0_hls_inst_0_gesture_model_flow_control_loop_delay_pipe_70 |         41 |         41 |       0 |    0 |    2 |      0 |      0 |    0 |          0 |
|           frp_pipeline_valid_U                                                   |                                          bd_0_hls_inst_0_gesture_model_frp_pipeline_valid__1 |          8 |          8 |       0 |    0 |   60 |      0 |      0 |    0 |          0 |
|           mac_muladd_24s_9ns_15s_24_4_1_U17                                      |                                  bd_0_hls_inst_0_gesture_model_mac_muladd_24s_9ns_15s_24_4_1 |          0 |          0 |       0 |    0 |    0 |      0 |      0 |    0 |          1 |
|             gesture_model_mac_muladd_24s_9ns_15s_24_4_1_DSP48_2_U                |                          bd_0_hls_inst_0_gesture_model_mac_muladd_24s_9ns_15s_24_4_1_DSP48_2 |          0 |          0 |       0 |    0 |    0 |      0 |      0 |    0 |          1 |
|           pf_output_r_d0_U                                                       |                                                    bd_0_hls_inst_0_gesture_model_frp_fifoout |        105 |         47 |       0 |   58 |   11 |      0 |      0 |    0 |          0 |
|           sdiv_24ns_16s_24_28_1_U16                                              |                                       bd_0_hls_inst_0_gesture_model_sdiv_24ns_16s_24_28_1_71 |       1155 |       1118 |       0 |   37 |  967 |      0 |      0 |    0 |          0 |
|             (sdiv_24ns_16s_24_28_1_U16)                                          |                                       bd_0_hls_inst_0_gesture_model_sdiv_24ns_16s_24_28_1_71 |        316 |        316 |       0 |    0 |   32 |      0 |      0 |    0 |          0 |
|             gesture_model_sdiv_24ns_16s_24_28_1_divider_u                        |                               bd_0_hls_inst_0_gesture_model_sdiv_24ns_16s_24_28_1_divider_72 |        839 |        802 |       0 |   37 |  935 |      0 |      0 |    0 |          0 |
|         batch_normalization_1_U0                                                 |                                          bd_0_hls_inst_0_gesture_model_batch_normalization_1 |       3039 |       2898 |       0 |  141 | 2495 |      0 |      0 |    0 |          1 |
|           (batch_normalization_1_U0)                                             |                                          bd_0_hls_inst_0_gesture_model_batch_normalization_1 |         31 |         21 |       0 |   10 |  156 |      0 |      0 |    0 |          0 |
|           batch_norm_1_mean_V_U                                                  |          bd_0_hls_inst_0_gesture_model_batch_normalization_1_batch_norm_1_mean_V_ROM_AUTO_1R |          5 |          5 |       0 |    0 |    9 |      0 |      0 |    0 |          0 |
|           batch_norm_1_variance_V_U                                              |      bd_0_hls_inst_0_gesture_model_batch_normalization_1_batch_norm_1_variance_V_ROM_AUTO_1R |         45 |         45 |       0 |    0 |    8 |      0 |      0 |    0 |          0 |
|           dsqrt_64ns_64ns_64_21_no_dsp_1_U38                                     |                                 bd_0_hls_inst_0_gesture_model_dsqrt_64ns_64ns_64_21_no_dsp_1 |       1676 |       1626 |       0 |   50 | 1282 |      0 |      0 |    0 |          0 |
|             (dsqrt_64ns_64ns_64_21_no_dsp_1_U38)                                 |                                 bd_0_hls_inst_0_gesture_model_dsqrt_64ns_64ns_64_21_no_dsp_1 |          0 |          0 |       0 |    0 |   56 |      0 |      0 |    0 |          0 |
|             gesture_model_dsqrt_64ns_64ns_64_21_no_dsp_1_ip_u                    |                              bd_0_hls_inst_0_gesture_model_dsqrt_64ns_64ns_64_21_no_dsp_1_ip |       1676 |       1626 |       0 |   50 | 1226 |      0 |      0 |    0 |          0 |
|               (gesture_model_dsqrt_64ns_64ns_64_21_no_dsp_1_ip_u)                |                              bd_0_hls_inst_0_gesture_model_dsqrt_64ns_64ns_64_21_no_dsp_1_ip |          0 |          0 |       0 |    0 |    0 |      0 |      0 |    0 |          0 |
|               inst                                                               |                                                    bd_0_hls_inst_0_floating_point_v7_1_15__1 |       1676 |       1626 |       0 |   50 | 1226 |      0 |      0 |    0 |          0 |
|           flow_control_loop_delay_pipe_U                                         |                                   bd_0_hls_inst_0_gesture_model_flow_control_loop_delay_pipe |         21 |         21 |       0 |    0 |    2 |      0 |      0 |    0 |          0 |
|           frp_pipeline_valid_U                                                   |                                             bd_0_hls_inst_0_gesture_model_frp_pipeline_valid |          8 |          8 |       0 |    0 |   60 |      0 |      0 |    0 |          0 |
|           mac_muladd_24s_10ns_16s_24_4_1_U40                                     |                                 bd_0_hls_inst_0_gesture_model_mac_muladd_24s_10ns_16s_24_4_1 |         10 |         10 |       0 |    0 |    0 |      0 |      0 |    0 |          1 |
|             gesture_model_mac_muladd_24s_10ns_16s_24_4_1_DSP48_4_U               |                         bd_0_hls_inst_0_gesture_model_mac_muladd_24s_10ns_16s_24_4_1_DSP48_4 |         10 |         10 |       0 |    0 |    0 |      0 |      0 |    0 |          1 |
|           pf_output_r_d0_U                                                       |                                    bd_0_hls_inst_0_gesture_model_frp_fifoout__parameterized0 |         88 |         44 |       0 |   44 |   11 |      0 |      0 |    0 |          0 |
|           sdiv_24ns_16s_24_28_1_U39                                              |                                          bd_0_hls_inst_0_gesture_model_sdiv_24ns_16s_24_28_1 |       1155 |       1118 |       0 |   37 |  967 |      0 |      0 |    0 |          0 |
|             (sdiv_24ns_16s_24_28_1_U39)                                          |                                          bd_0_hls_inst_0_gesture_model_sdiv_24ns_16s_24_28_1 |        316 |        316 |       0 |    0 |   32 |      0 |      0 |    0 |          0 |
|             gesture_model_sdiv_24ns_16s_24_28_1_divider_u                        |                                  bd_0_hls_inst_0_gesture_model_sdiv_24ns_16s_24_28_1_divider |        839 |        802 |       0 |   37 |  935 |      0 |      0 |    0 |          0 |
|         control_s_axi_U                                                          |                                                  bd_0_hls_inst_0_gesture_model_control_s_axi |         23 |         23 |       0 |    0 |   27 |      0 |      0 |    0 |          0 |
|         conv1d_0_U0                                                              |                                                       bd_0_hls_inst_0_gesture_model_conv1d_0 |        159 |        159 |       0 |    0 |   99 |      0 |      0 |    0 |          3 |
|           (conv1d_0_U0)                                                          |                                                       bd_0_hls_inst_0_gesture_model_conv1d_0 |         29 |         29 |       0 |    0 |   83 |      0 |      0 |    0 |          0 |
|           conv1d_0_biases_V_U                                                    |                         bd_0_hls_inst_0_gesture_model_conv1d_0_conv1d_0_biases_V_ROM_AUTO_1R |          5 |          5 |       0 |    0 |    7 |      0 |      0 |    0 |          0 |
|           conv1d_0_weights_V_1_0_U                                               |                    bd_0_hls_inst_0_gesture_model_conv1d_0_conv1d_0_weights_V_1_0_ROM_AUTO_1R |          1 |          1 |       0 |    0 |    8 |      0 |      0 |    0 |          0 |
|           flow_control_loop_pipe_U                                               |                                      bd_0_hls_inst_0_gesture_model_flow_control_loop_pipe_61 |         79 |         79 |       0 |    0 |    1 |      0 |      0 |    0 |          0 |
|           mac_muladd_16s_8s_24ns_24_4_1_U5                                       |                                  bd_0_hls_inst_0_gesture_model_mac_muladd_16s_8s_24ns_24_4_1 |          1 |          1 |       0 |    0 |    0 |      0 |      0 |    0 |          1 |
|             gesture_model_mac_muladd_16s_8s_24ns_24_4_1_DSP48_1_U                |                       bd_0_hls_inst_0_gesture_model_mac_muladd_16s_8s_24ns_24_4_1_DSP48_1_63 |          1 |          1 |       0 |    0 |    0 |      0 |      0 |    0 |          1 |
|           mac_muladd_16s_8s_24ns_24_4_1_U6                                       |                               bd_0_hls_inst_0_gesture_model_mac_muladd_16s_8s_24ns_24_4_1_62 |         46 |         46 |       0 |    0 |    0 |      0 |      0 |    0 |          1 |
|             gesture_model_mac_muladd_16s_8s_24ns_24_4_1_DSP48_1_U                |                          bd_0_hls_inst_0_gesture_model_mac_muladd_16s_8s_24ns_24_4_1_DSP48_1 |         46 |         46 |       0 |    0 |    0 |      0 |      0 |    0 |          1 |
|           mul_mul_16s_8s_24_4_1_U4                                               |                                          bd_0_hls_inst_0_gesture_model_mul_mul_16s_8s_24_4_1 |          0 |          0 |       0 |    0 |    0 |      0 |      0 |    0 |          1 |
|             gesture_model_mul_mul_16s_8s_24_4_1_DSP48_0_U                        |                                  bd_0_hls_inst_0_gesture_model_mul_mul_16s_8s_24_4_1_DSP48_0 |          0 |          0 |       0 |    0 |    0 |      0 |      0 |    0 |          1 |
|         conv1d_out_0_V_U                                                         |                                   bd_0_hls_inst_0_gesture_model_conv1d_out_0_V_RAM_AUTO_1R1W |         19 |         19 |       0 |    0 |    6 |      2 |      0 |    0 |          0 |
|           (conv1d_out_0_V_U)                                                     |                                   bd_0_hls_inst_0_gesture_model_conv1d_out_0_V_RAM_AUTO_1R1W |          4 |          4 |       0 |    0 |    6 |      0 |      0 |    0 |          0 |
|           gesture_model_conv1d_out_0_V_RAM_AUTO_1R1W_memcore_U                   |                           bd_0_hls_inst_0_gesture_model_conv1d_out_0_V_RAM_AUTO_1R1W_memcore |         15 |         15 |       0 |    0 |    0 |      2 |      0 |    0 |          0 |
|         dense_0_U0                                                               |                                                        bd_0_hls_inst_0_gesture_model_dense_0 |        152 |        149 |       0 |    3 |   82 |      3 |      1 |    0 |          1 |
|           (dense_0_U0)                                                           |                                                        bd_0_hls_inst_0_gesture_model_dense_0 |         16 |         13 |       0 |    3 |   73 |      0 |      0 |    0 |          0 |
|           dense_0_biases_V_U                                                     |                           bd_0_hls_inst_0_gesture_model_dense_0_dense_0_biases_V_ROM_AUTO_1R |         10 |         10 |       0 |    0 |    8 |      0 |      0 |    0 |          0 |
|           dense_0_weights_V_U                                                    |                          bd_0_hls_inst_0_gesture_model_dense_0_dense_0_weights_V_ROM_AUTO_1R |          1 |          1 |       0 |    0 |    0 |      3 |      1 |    0 |          0 |
|           flow_control_loop_pipe_U                                               |                                      bd_0_hls_inst_0_gesture_model_flow_control_loop_pipe_60 |         54 |         54 |       0 |    0 |    1 |      0 |      0 |    0 |          0 |
|           mac_muladd_16s_7s_24s_24_4_1_U32                                       |                                   bd_0_hls_inst_0_gesture_model_mac_muladd_16s_7s_24s_24_4_1 |         72 |         72 |       0 |    0 |    0 |      0 |      0 |    0 |          1 |
|             gesture_model_mac_muladd_16s_7s_24s_24_4_1_DSP48_3_U                 |                           bd_0_hls_inst_0_gesture_model_mac_muladd_16s_7s_24s_24_4_1_DSP48_3 |         72 |         72 |       0 |    0 |    0 |      0 |      0 |    0 |          1 |
|         dense_1_U0                                                               |                                                        bd_0_hls_inst_0_gesture_model_dense_1 |       3613 |       3499 |       0 |  114 | 2740 |      0 |      0 |    0 |         42 |
|           (dense_1_U0)                                                           |                                                        bd_0_hls_inst_0_gesture_model_dense_1 |         11 |         11 |       0 |    0 |  274 |      0 |      0 |    0 |          0 |
|           dexp_64ns_64ns_64_13_full_dsp_1_U109                                   |                                bd_0_hls_inst_0_gesture_model_dexp_64ns_64ns_64_13_full_dsp_1 |       1842 |       1779 |       0 |   63 | 1028 |      0 |      0 |    0 |         26 |
|             (dexp_64ns_64ns_64_13_full_dsp_1_U109)                               |                                bd_0_hls_inst_0_gesture_model_dexp_64ns_64ns_64_13_full_dsp_1 |          0 |          0 |       0 |    0 |   60 |      0 |      0 |    0 |          0 |
|             gesture_model_dexp_64ns_64ns_64_13_full_dsp_1_ip_u                   |                             bd_0_hls_inst_0_gesture_model_dexp_64ns_64ns_64_13_full_dsp_1_ip |       1842 |       1779 |       0 |   63 |  968 |      0 |      0 |    0 |         26 |
|               (gesture_model_dexp_64ns_64ns_64_13_full_dsp_1_ip_u)               |                             bd_0_hls_inst_0_gesture_model_dexp_64ns_64ns_64_13_full_dsp_1_ip |          0 |          0 |       0 |    0 |    0 |      0 |      0 |    0 |          0 |
|               inst                                                               |                                       bd_0_hls_inst_0_floating_point_v7_1_15__parameterized0 |       1842 |       1779 |       0 |   63 |  968 |      0 |      0 |    0 |         26 |
|           grp_dense_1_Pipeline_VITIS_LOOP_111_1_fu_233                           |                              bd_0_hls_inst_0_gesture_model_dense_1_Pipeline_VITIS_LOOP_111_1 |        151 |        145 |       0 |    6 |  119 |      0 |      0 |    0 |         16 |
|             (grp_dense_1_Pipeline_VITIS_LOOP_111_1_fu_233)                       |                              bd_0_hls_inst_0_gesture_model_dense_1_Pipeline_VITIS_LOOP_111_1 |         47 |         41 |       0 |    6 |  110 |      0 |      0 |    0 |          0 |
|             dense_1_biases_V_U                                                   | bd_0_hls_inst_0_gesture_model_dense_1_Pipeline_VITIS_LOOP_111_1_dense_1_biases_V_ROM_AUTO_1R |          5 |          5 |       0 |    0 |    7 |      0 |      0 |    0 |          0 |
|             flow_control_loop_pipe_sequential_init_U                             |                       bd_0_hls_inst_0_gesture_model_flow_control_loop_pipe_sequential_init_5 |         17 |         17 |       0 |    0 |    2 |      0 |      0 |    0 |          0 |
|             mac_muladd_16s_9s_24ns_24_4_1_U50                                    |                                  bd_0_hls_inst_0_gesture_model_mac_muladd_16s_9s_24ns_24_4_1 |          5 |          5 |       0 |    0 |    0 |      0 |      0 |    0 |          1 |
|               gesture_model_mac_muladd_16s_9s_24ns_24_4_1_DSP48_6_U              |                       bd_0_hls_inst_0_gesture_model_mac_muladd_16s_9s_24ns_24_4_1_DSP48_6_33 |          5 |          5 |       0 |    0 |    0 |      0 |      0 |    0 |          1 |
|             mac_muladd_16s_9s_24ns_24_4_1_U51                                    |                                bd_0_hls_inst_0_gesture_model_mac_muladd_16s_9s_24ns_24_4_1_6 |          5 |          5 |       0 |    0 |    0 |      0 |      0 |    0 |          1 |
|               gesture_model_mac_muladd_16s_9s_24ns_24_4_1_DSP48_6_U              |                       bd_0_hls_inst_0_gesture_model_mac_muladd_16s_9s_24ns_24_4_1_DSP48_6_32 |          5 |          5 |       0 |    0 |    0 |      0 |      0 |    0 |          1 |
|             mac_muladd_16s_9s_24ns_24_4_1_U52                                    |                                bd_0_hls_inst_0_gesture_model_mac_muladd_16s_9s_24ns_24_4_1_7 |          5 |          5 |       0 |    0 |    0 |      0 |      0 |    0 |          1 |
|               gesture_model_mac_muladd_16s_9s_24ns_24_4_1_DSP48_6_U              |                       bd_0_hls_inst_0_gesture_model_mac_muladd_16s_9s_24ns_24_4_1_DSP48_6_31 |          5 |          5 |       0 |    0 |    0 |      0 |      0 |    0 |          1 |
|             mac_muladd_16s_9s_24ns_24_4_1_U53                                    |                                bd_0_hls_inst_0_gesture_model_mac_muladd_16s_9s_24ns_24_4_1_8 |          5 |          5 |       0 |    0 |    0 |      0 |      0 |    0 |          1 |
|               gesture_model_mac_muladd_16s_9s_24ns_24_4_1_DSP48_6_U              |                       bd_0_hls_inst_0_gesture_model_mac_muladd_16s_9s_24ns_24_4_1_DSP48_6_30 |          5 |          5 |       0 |    0 |    0 |      0 |      0 |    0 |          1 |
|             mac_muladd_16s_9s_24ns_24_4_1_U54                                    |                                bd_0_hls_inst_0_gesture_model_mac_muladd_16s_9s_24ns_24_4_1_9 |          5 |          5 |       0 |    0 |    0 |      0 |      0 |    0 |          1 |
|               gesture_model_mac_muladd_16s_9s_24ns_24_4_1_DSP48_6_U              |                       bd_0_hls_inst_0_gesture_model_mac_muladd_16s_9s_24ns_24_4_1_DSP48_6_29 |          5 |          5 |       0 |    0 |    0 |      0 |      0 |    0 |          1 |
|             mac_muladd_16s_9s_24ns_24_4_1_U55                                    |                               bd_0_hls_inst_0_gesture_model_mac_muladd_16s_9s_24ns_24_4_1_10 |          5 |          5 |       0 |    0 |    0 |      0 |      0 |    0 |          1 |
|               gesture_model_mac_muladd_16s_9s_24ns_24_4_1_DSP48_6_U              |                       bd_0_hls_inst_0_gesture_model_mac_muladd_16s_9s_24ns_24_4_1_DSP48_6_28 |          5 |          5 |       0 |    0 |    0 |      0 |      0 |    0 |          1 |
|             mac_muladd_16s_9s_24ns_24_4_1_U56                                    |                               bd_0_hls_inst_0_gesture_model_mac_muladd_16s_9s_24ns_24_4_1_11 |          5 |          5 |       0 |    0 |    0 |      0 |      0 |    0 |          1 |
|               gesture_model_mac_muladd_16s_9s_24ns_24_4_1_DSP48_6_U              |                       bd_0_hls_inst_0_gesture_model_mac_muladd_16s_9s_24ns_24_4_1_DSP48_6_27 |          5 |          5 |       0 |    0 |    0 |      0 |      0 |    0 |          1 |
|             mac_muladd_16s_9s_24ns_24_4_1_U57                                    |                               bd_0_hls_inst_0_gesture_model_mac_muladd_16s_9s_24ns_24_4_1_12 |          5 |          5 |       0 |    0 |    0 |      0 |      0 |    0 |          1 |
|               gesture_model_mac_muladd_16s_9s_24ns_24_4_1_DSP48_6_U              |                       bd_0_hls_inst_0_gesture_model_mac_muladd_16s_9s_24ns_24_4_1_DSP48_6_26 |          5 |          5 |       0 |    0 |    0 |      0 |      0 |    0 |          1 |
|             mac_muladd_16s_9s_24ns_24_4_1_U58                                    |                               bd_0_hls_inst_0_gesture_model_mac_muladd_16s_9s_24ns_24_4_1_13 |          5 |          5 |       0 |    0 |    0 |      0 |      0 |    0 |          1 |
|               gesture_model_mac_muladd_16s_9s_24ns_24_4_1_DSP48_6_U              |                       bd_0_hls_inst_0_gesture_model_mac_muladd_16s_9s_24ns_24_4_1_DSP48_6_25 |          5 |          5 |       0 |    0 |    0 |      0 |      0 |    0 |          1 |
|             mac_muladd_16s_9s_24ns_24_4_1_U59                                    |                               bd_0_hls_inst_0_gesture_model_mac_muladd_16s_9s_24ns_24_4_1_14 |          5 |          5 |       0 |    0 |    0 |      0 |      0 |    0 |          1 |
|               gesture_model_mac_muladd_16s_9s_24ns_24_4_1_DSP48_6_U              |                       bd_0_hls_inst_0_gesture_model_mac_muladd_16s_9s_24ns_24_4_1_DSP48_6_24 |          5 |          5 |       0 |    0 |    0 |      0 |      0 |    0 |          1 |
|             mac_muladd_16s_9s_24ns_24_4_1_U60                                    |                               bd_0_hls_inst_0_gesture_model_mac_muladd_16s_9s_24ns_24_4_1_15 |          5 |          5 |       0 |    0 |    0 |      0 |      0 |    0 |          1 |
|               gesture_model_mac_muladd_16s_9s_24ns_24_4_1_DSP48_6_U              |                       bd_0_hls_inst_0_gesture_model_mac_muladd_16s_9s_24ns_24_4_1_DSP48_6_23 |          5 |          5 |       0 |    0 |    0 |      0 |      0 |    0 |          1 |
|             mac_muladd_16s_9s_24ns_24_4_1_U61                                    |                               bd_0_hls_inst_0_gesture_model_mac_muladd_16s_9s_24ns_24_4_1_16 |          5 |          5 |       0 |    0 |    0 |      0 |      0 |    0 |          1 |
|               gesture_model_mac_muladd_16s_9s_24ns_24_4_1_DSP48_6_U              |                       bd_0_hls_inst_0_gesture_model_mac_muladd_16s_9s_24ns_24_4_1_DSP48_6_22 |          5 |          5 |       0 |    0 |    0 |      0 |      0 |    0 |          1 |
|             mac_muladd_16s_9s_24ns_24_4_1_U62                                    |                               bd_0_hls_inst_0_gesture_model_mac_muladd_16s_9s_24ns_24_4_1_17 |          5 |          5 |       0 |    0 |    0 |      0 |      0 |    0 |          1 |
|               gesture_model_mac_muladd_16s_9s_24ns_24_4_1_DSP48_6_U              |                       bd_0_hls_inst_0_gesture_model_mac_muladd_16s_9s_24ns_24_4_1_DSP48_6_21 |          5 |          5 |       0 |    0 |    0 |      0 |      0 |    0 |          1 |
|             mac_muladd_16s_9s_24ns_24_4_1_U63                                    |                               bd_0_hls_inst_0_gesture_model_mac_muladd_16s_9s_24ns_24_4_1_18 |          5 |          5 |       0 |    0 |    0 |      0 |      0 |    0 |          1 |
|               gesture_model_mac_muladd_16s_9s_24ns_24_4_1_DSP48_6_U              |                       bd_0_hls_inst_0_gesture_model_mac_muladd_16s_9s_24ns_24_4_1_DSP48_6_20 |          5 |          5 |       0 |    0 |    0 |      0 |      0 |    0 |          1 |
|             mac_muladd_16s_9s_24ns_24_4_1_U64                                    |                               bd_0_hls_inst_0_gesture_model_mac_muladd_16s_9s_24ns_24_4_1_19 |         13 |         13 |       0 |    0 |    0 |      0 |      0 |    0 |          1 |
|               gesture_model_mac_muladd_16s_9s_24ns_24_4_1_DSP48_6_U              |                          bd_0_hls_inst_0_gesture_model_mac_muladd_16s_9s_24ns_24_4_1_DSP48_6 |         13 |         13 |       0 |    0 |    0 |      0 |      0 |    0 |          1 |
|             mul_mul_16s_9s_24_4_1_U49                                            |                                          bd_0_hls_inst_0_gesture_model_mul_mul_16s_9s_24_4_1 |          0 |          0 |       0 |    0 |    0 |      0 |      0 |    0 |          1 |
|               gesture_model_mul_mul_16s_9s_24_4_1_DSP48_5_U                      |                                  bd_0_hls_inst_0_gesture_model_mul_mul_16s_9s_24_4_1_DSP48_5 |          0 |          0 |       0 |    0 |    0 |      0 |      0 |    0 |          1 |
|           grp_dense_1_Pipeline_VITIS_LOOP_122_3_fu_291                           |                              bd_0_hls_inst_0_gesture_model_dense_1_Pipeline_VITIS_LOOP_122_3 |        168 |        166 |       0 |    2 |  117 |      0 |      0 |    0 |          0 |
|             (grp_dense_1_Pipeline_VITIS_LOOP_122_3_fu_291)                       |                              bd_0_hls_inst_0_gesture_model_dense_1_Pipeline_VITIS_LOOP_122_3 |        155 |        153 |       0 |    2 |  115 |      0 |      0 |    0 |          0 |
|             flow_control_loop_pipe_sequential_init_U                             |                       bd_0_hls_inst_0_gesture_model_flow_control_loop_pipe_sequential_init_4 |         13 |         13 |       0 |    0 |    2 |      0 |      0 |    0 |          0 |
|           grp_dense_1_Pipeline_VITIS_LOOP_126_4_fu_298                           |                              bd_0_hls_inst_0_gesture_model_dense_1_Pipeline_VITIS_LOOP_126_4 |       1441 |       1398 |       0 |   43 | 1202 |      0 |      0 |    0 |          0 |
|             (grp_dense_1_Pipeline_VITIS_LOOP_126_4_fu_298)                       |                              bd_0_hls_inst_0_gesture_model_dense_1_Pipeline_VITIS_LOOP_126_4 |        375 |        361 |       0 |   14 |  232 |      0 |      0 |    0 |          0 |
|             flow_control_loop_pipe_sequential_init_U                             |                         bd_0_hls_inst_0_gesture_model_flow_control_loop_pipe_sequential_init |         26 |         26 |       0 |    0 |    2 |      0 |      0 |    0 |          0 |
|             sdiv_24ns_16s_16_28_1_U105                                           |                                          bd_0_hls_inst_0_gesture_model_sdiv_24ns_16s_16_28_1 |       1040 |       1011 |       0 |   29 |  968 |      0 |      0 |    0 |          0 |
|               (sdiv_24ns_16s_16_28_1_U105)                                       |                                          bd_0_hls_inst_0_gesture_model_sdiv_24ns_16s_16_28_1 |        209 |        209 |       0 |    0 |   48 |      0 |      0 |    0 |          0 |
|               gesture_model_sdiv_24ns_16s_16_28_1_divider_u                      |                                  bd_0_hls_inst_0_gesture_model_sdiv_24ns_16s_16_28_1_divider |        831 |        802 |       0 |   29 |  920 |      0 |      0 |    0 |          0 |
|         dense_out_0_V_U                                                          |                                    bd_0_hls_inst_0_gesture_model_dense_out_0_V_RAM_AUTO_1R1W |         31 |         21 |      10 |    0 |   21 |      0 |      0 |    0 |          0 |
|           (dense_out_0_V_U)                                                      |                                    bd_0_hls_inst_0_gesture_model_dense_out_0_V_RAM_AUTO_1R1W |          6 |          6 |       0 |    0 |    6 |      0 |      0 |    0 |          0 |
|           gesture_model_dense_out_0_V_RAM_AUTO_1R1W_memcore_U                    |                            bd_0_hls_inst_0_gesture_model_dense_out_0_V_RAM_AUTO_1R1W_memcore |         25 |         15 |      10 |    0 |   15 |      0 |      0 |    0 |          0 |
|         flatten_out_0_V_U                                                        |                                 bd_0_hls_inst_0_gesture_model_max_pool_out_0_V_RAM_AUTO_1R1W |          6 |          6 |       0 |    0 |    6 |      1 |      0 |    0 |          0 |
|           (flatten_out_0_V_U)                                                    |                                 bd_0_hls_inst_0_gesture_model_max_pool_out_0_V_RAM_AUTO_1R1W |          6 |          6 |       0 |    0 |    6 |      0 |      0 |    0 |          0 |
|           gesture_model_max_pool_out_0_V_RAM_AUTO_1R1W_memcore_U                 |                       bd_0_hls_inst_0_gesture_model_max_pool_out_0_V_RAM_AUTO_1R1W_memcore_3 |          0 |          0 |       0 |    0 |    0 |      1 |      0 |    0 |          0 |
|         input_V_0_U                                                              |                                        bd_0_hls_inst_0_gesture_model_input_V_0_RAM_AUTO_1R1W |        437 |        181 |     256 |    0 |  105 |      0 |      0 |    0 |          0 |
|           (input_V_0_U)                                                          |                                        bd_0_hls_inst_0_gesture_model_input_V_0_RAM_AUTO_1R1W |          5 |          5 |       0 |    0 |   41 |      0 |      0 |    0 |          0 |
|           gen_buffer[0].gesture_model_input_V_0_RAM_AUTO_1R1W_memcore_U          |                                bd_0_hls_inst_0_gesture_model_input_V_0_RAM_AUTO_1R1W_memcore |        200 |         72 |     128 |    0 |   32 |      0 |      0 |    0 |          0 |
|           gen_buffer[1].gesture_model_input_V_0_RAM_AUTO_1R1W_memcore_U          |                              bd_0_hls_inst_0_gesture_model_input_V_0_RAM_AUTO_1R1W_memcore_2 |        232 |        104 |     128 |    0 |   32 |      0 |      0 |    0 |          0 |
|         max_pool_out_0_V_U                                                       |                               bd_0_hls_inst_0_gesture_model_max_pool_out_0_V_RAM_AUTO_1R1W_0 |          6 |          6 |       0 |    0 |    6 |      1 |      0 |    0 |          0 |
|           (max_pool_out_0_V_U)                                                   |                               bd_0_hls_inst_0_gesture_model_max_pool_out_0_V_RAM_AUTO_1R1W_0 |          5 |          5 |       0 |    0 |    6 |      0 |      0 |    0 |          0 |
|           gesture_model_max_pool_out_0_V_RAM_AUTO_1R1W_memcore_U                 |                         bd_0_hls_inst_0_gesture_model_max_pool_out_0_V_RAM_AUTO_1R1W_memcore |          1 |          1 |       0 |    0 |    0 |      1 |      0 |    0 |          0 |
|         max_pooling1d_0_U0                                                       |                                                bd_0_hls_inst_0_gesture_model_max_pooling1d_0 |         65 |         65 |       0 |    0 |   34 |      0 |      0 |    0 |          0 |
|           (max_pooling1d_0_U0)                                                   |                                                bd_0_hls_inst_0_gesture_model_max_pooling1d_0 |         22 |         22 |       0 |    0 |   33 |      0 |      0 |    0 |          0 |
|           flow_control_loop_pipe_U                                               |                                         bd_0_hls_inst_0_gesture_model_flow_control_loop_pipe |         43 |         43 |       0 |    0 |    1 |      0 |      0 |    0 |          0 |
|         output_V_U                                                               |                                         bd_0_hls_inst_0_gesture_model_output_V_RAM_AUTO_1R1W |        275 |        147 |     128 |    0 |   89 |      0 |      0 |    0 |          0 |
|           (output_V_U)                                                           |                                         bd_0_hls_inst_0_gesture_model_output_V_RAM_AUTO_1R1W |          5 |          5 |       0 |    0 |   25 |      0 |      0 |    0 |          0 |
|           gen_buffer[0].gesture_model_output_V_RAM_AUTO_1R1W_memcore_U           |                                 bd_0_hls_inst_0_gesture_model_output_V_RAM_AUTO_1R1W_memcore |        120 |         56 |      64 |    0 |   32 |      0 |      0 |    0 |          0 |
|           gen_buffer[1].gesture_model_output_V_RAM_AUTO_1R1W_memcore_U           |                               bd_0_hls_inst_0_gesture_model_output_V_RAM_AUTO_1R1W_memcore_1 |        150 |         86 |      64 |    0 |   32 |      0 |      0 |    0 |          0 |
+----------------------------------------------------------------------------------+----------------------------------------------------------------------------------------------+------------+------------+---------+------+------+--------+--------+------+------------+


