

================================================================
== Synthesis Summary Report of 'gesture_model'
================================================================
+ General Information: 
    * Date:           Mon Sep  2 11:42:03 2024
    * Version:        2022.2 (Build 3670227 on Oct 13 2022)
    * Project:        vitis_test
    * Solution:       solution1 (Vivado IP Flow Target)
    * Product family: zynquplus
    * Target device:  xczu3eg-sbva484-2-i
    

+ Performance & Resource Estimates: 
    
    PS: '+' for module; 'o' for loop; '*' for dataflow
    +---------------------------------------+------+------+---------+-----------+----------+---------+-------+----------+---------+----------+-------------+-------------+-----+
    |                Modules                | Issue|      | Latency |  Latency  | Iteration|         |  Trip |          |         |          |             |             |     |
    |                & Loops                | Type | Slack| (cycles)|    (ns)   |  Latency | Interval| Count | Pipelined|  BRAM   |    DSP   |      FF     |     LUT     | URAM|
    +---------------------------------------+------+------+---------+-----------+----------+---------+-------+----------+---------+----------+-------------+-------------+-----+
    |+ gesture_model*                       |     -|  0.03|    23128|  2.313e+05|         -|    15111|      -|  dataflow|  38 (8%)|  50 (13%)|  18241 (12%)|  29387 (41%)|    -|
    | + Loop_VITIS_LOOP_148_1_proc8         |     -|  0.03|      123|  1.230e+03|         -|      123|      -|        no|        -|         -|    128 (~0%)|    1338 (1%)|    -|
    |  o VITIS_LOOP_148_1                   |     -|  7.30|      121|  1.210e+03|         3|        1|    120|       yes|        -|         -|            -|            -|    -|
    | + conv1d_0                            |     -|  0.90|     3782|  3.782e+04|         -|     3782|      -|        no|        -|   3 (~0%)|    262 (~0%)|     946 (1%)|    -|
    |  o VITIS_LOOP_25_1_VITIS_LOOP_27_2    |    II|  7.30|     3780|  3.780e+04|         7|        2|   1888|       yes|        -|         -|            -|            -|    -|
    | + batch_normalization_0               |     -|  0.13|     1961|  1.961e+04|         -|     1961|      -|        no|        -|   2 (~0%)|    4943 (3%)|    5855 (8%)|    -|
    |  o VITIS_LOOP_44_1_VITIS_LOOP_46_2    |     -|  7.30|     1959|  1.959e+04|        73|        1|   1888|       yes|        -|         -|            -|            -|    -|
    | + max_pooling1d_0                     |     -|  3.46|      946|  9.460e+03|         -|      946|      -|        no|        -|         -|     34 (~0%)|    234 (~0%)|    -|
    |  o VITIS_LOOP_55_1_VITIS_LOOP_57_2    |     -|  7.30|      944|  9.440e+03|         2|        1|    944|       yes|        -|         -|            -|            -|    -|
    | + Loop_VITIS_LOOP_77_1_proc           |     -|  4.11|      946|  9.460e+03|         -|      946|      -|        no|        -|         -|     46 (~0%)|    261 (~0%)|    -|
    |  o VITIS_LOOP_77_1_VITIS_LOOP_79_2    |     -|  7.30|      944|  9.440e+03|         2|        1|    944|       yes|        -|         -|            -|            -|    -|
    | + dense_0                             |     -|  2.26|    15110|  1.511e+05|         -|    15110|      -|        no|  16 (3%)|   1 (~0%)|    313 (~0%)|    697 (~0%)|    -|
    |  o VITIS_LOOP_88_1_VITIS_LOOP_91_2    |     -|  7.30|    15108|  1.511e+05|         6|        1|  15104|       yes|        -|         -|            -|            -|    -|
    | + batch_normalization_1               |     -|  0.13|       89|    890.000|         -|       89|      -|        no|        -|   2 (~0%)|    4539 (3%)|    5598 (7%)|    -|
    |  o VITIS_LOOP_101_1                   |     -|  7.30|       87|    870.000|        73|        1|     16|       yes|        -|         -|            -|            -|    -|
    | + dense_1                             |     -|  0.11|      164|  1.640e+03|         -|      164|      -|        no|        -|  42 (11%)|    7599 (5%)|  13269 (18%)|    -|
    |  + dense_1_Pipeline_VITIS_LOOP_109_1  |     -|  0.11|       30|    300.000|         -|       30|      -|        no|        -|   16 (4%)|    1424 (1%)|    2362 (3%)|    -|
    |   o VITIS_LOOP_109_1                  |     -|  7.30|       28|    280.000|        10|        1|     20|       yes|        -|         -|            -|            -|    -|
    |  + dense_1_Pipeline_VITIS_LOOP_120_3  |     -|  0.13|       38|    380.000|         -|       38|      -|        no|        -|         -|    338 (~0%)|    2519 (3%)|    -|
    |   o VITIS_LOOP_120_3                  |     -|  7.30|       36|    360.000|        18|        1|     20|       yes|        -|         -|            -|            -|    -|
    |  + dense_1_Pipeline_VITIS_LOOP_124_4  |     -|  0.13|       83|    830.000|         -|       83|      -|        no|        -|         -|    4315 (3%)|    5429 (7%)|    -|
    |   o VITIS_LOOP_124_4                  |     -|  7.30|       81|    810.000|        63|        1|     20|       yes|        -|         -|            -|            -|    -|
    | + Loop_VITIS_LOOP_171_3_proc9         |     -|  0.38|       24|    240.000|         -|       24|      -|        no|        -|         -|    126 (~0%)|    1107 (1%)|    -|
    |  o VITIS_LOOP_171_3                   |     -|  7.30|       22|    220.000|         4|        1|     20|       yes|        -|         -|            -|            -|    -|
    +---------------------------------------+------+------+---------+-----------+----------+---------+-------+----------+---------+----------+-------------+-------------+-----+


================================================================
== HW Interfaces
================================================================
* S_AXILITE Interfaces
+---------------+------------+---------------+
| Interface     | Data Width | Address Width |
+---------------+------------+---------------+
| s_axi_control | 32         | 4             |
+---------------+------------+---------------+

* S_AXILITE Registers
+---------------+----------+--------+-------+--------+----------------------------------+----------------------------------------------------------------------+
| Interface     | Register | Offset | Width | Access | Description                      | Bit Fields                                                           |
+---------------+----------+--------+-------+--------+----------------------------------+----------------------------------------------------------------------+
| s_axi_control | CTRL     | 0x00   | 32    | RW     | Control signals                  | 0=AP_START 1=AP_DONE 2=AP_IDLE 3=AP_READY 7=AUTO_RESTART 9=INTERRUPT |
| s_axi_control | GIER     | 0x04   | 32    | RW     | Global Interrupt Enable Register | 0=Enable                                                             |
| s_axi_control | IP_IER   | 0x08   | 32    | RW     | IP Interrupt Enable Register     | 0=CHAN0_INT_EN 1=CHAN1_INT_EN                                        |
| s_axi_control | IP_ISR   | 0x0c   | 32    | RW     | IP Interrupt Status Register     | 0=CHAN0_INT_ST 1=CHAN1_INT_ST                                        |
+---------------+----------+--------+-------+--------+----------------------------------+----------------------------------------------------------------------+

* AXIS
+---------------+---------------+-------+-------+-------+--------+-------+--------+
| Interface     | Register Mode | TDATA | TKEEP | TLAST | TREADY | TSTRB | TVALID |
+---------------+---------------+-------+-------+-------+--------+-------+--------+
| input_stream  | both          | 32    | 4     | 1     | 1      | 4     | 1      |
| output_stream | both          | 32    | 4     | 1     | 1      | 4     | 1      |
+---------------+---------------+-------+-------+-------+--------+-------+--------+

* TOP LEVEL CONTROL
+-----------+------------+-----------+
| Interface | Type       | Ports     |
+-----------+------------+-----------+
| ap_clk    | clock      | ap_clk    |
| ap_rst_n  | reset      | ap_rst_n  |
| interrupt | interrupt  | interrupt |
| ap_ctrl   | ap_ctrl_hs |           |
+-----------+------------+-----------+


================================================================
== SW I/O Information
================================================================
* Top Function Arguments
+---------------+-----------+---------------------------------------+
| Argument      | Direction | Datatype                              |
+---------------+-----------+---------------------------------------+
| input_stream  | in        | stream<hls::axis<float, 0, 0, 0>, 0>& |
| output_stream | out       | stream<hls::axis<float, 0, 0, 0>, 0>& |
+---------------+-----------+---------------------------------------+

* SW-to-HW Mapping
+---------------+---------------+-----------+
| Argument      | HW Interface  | HW Type   |
+---------------+---------------+-----------+
| input_stream  | input_stream  | interface |
| output_stream | output_stream | interface |
+---------------+---------------+-----------+


================================================================
== Bind Op Report
================================================================
+---------------------------------------+-----+--------+-----------------+-------+--------+---------+
| Name                                  | DSP | Pragma | Variable        | Op    | Impl   | Latency |
+---------------------------------------+-----+--------+-----------------+-------+--------+---------+
| + gesture_model                       | 50  |        |                 |       |        |         |
|  + Loop_VITIS_LOOP_148_1_proc8        | 0   |        |                 |       |        |         |
|    add_ln148_fu_162_p2                | -   |        | add_ln148       | add   | fabric | 0       |
|    man_V_fu_228_p2                    | -   |        | man_V           | sub   | fabric | 0       |
|    F2_fu_248_p2                       | -   |        | F2              | sub   | fabric | 0       |
|    add_ln570_fu_260_p2                | -   |        | add_ln570       | add   | fabric | 0       |
|    sub_ln570_fu_266_p2                | -   |        | sub_ln570       | sub   | fabric | 0       |
|    add_ln601_fu_389_p2                | -   |        | add_ln601       | add   | fabric | 0       |
|    pos1_fu_401_p2                     | -   |        | pos1            | add   | fabric | 0       |
|    pos2_fu_415_p2                     | -   |        | pos2            | add   | fabric | 0       |
|    add_ln624_fu_473_p2                | -   |        | add_ln624       | add   | fabric | 0       |
|  + conv1d_0                           | 3   |        |                 |       |        |         |
|    add_ln25_fu_230_p2                 | -   |        | add_ln25        | add   | fabric | 0       |
|    add_ln1271_fu_256_p2               | -   |        | add_ln1271      | add   | fabric | 0       |
|    add_ln1271_1_fu_283_p2             | -   |        | add_ln1271_1    | add   | fabric | 0       |
|    add_ln1271_2_fu_302_p2             | -   |        | add_ln1271_2    | add   | fabric | 0       |
|    add_ln37_fu_327_p2                 | -   |        | add_ln37        | add   | fabric | 0       |
|    mul_mul_24s_18s_42_4_1_U12         | 1   |        | mul_ln1273      | mul   | dsp48  | 3       |
|    mul_mul_24s_18s_42_4_1_U13         | 1   |        | mul_ln1273_16   | mul   | dsp48  | 3       |
|    add_ln1347_18_fu_505_p2            | -   |        | add_ln1347_18   | add   | fabric | 0       |
|    add_ln1347_fu_510_p2               | -   |        | add_ln1347      | add   | fabric | 0       |
|    mul_mul_24s_18s_42_4_1_U14         | 1   |        | mul_ln1273_17   | mul   | dsp48  | 3       |
|    add_ln1347_19_fu_644_p2            | -   |        | add_ln1347_19   | add   | fabric | 0       |
|    add_ln1347_17_fu_649_p2            | -   |        | add_ln1347_17   | add   | fabric | 0       |
|    ret_V_fu_781_p2                    | -   |        | ret_V           | add   | fabric | 0       |
|    p_Val2_17_fu_795_p2                | -   |        | p_Val2_17       | add   | fabric | 0       |
|    add_ln27_fu_333_p2                 | -   |        | add_ln27        | add   | fabric | 0       |
|  + batch_normalization_0              | 2   |        |                 |       |        |         |
|    add_ln44_1_fu_315_p2               | -   |        | add_ln44_1      | add   | fabric | 0       |
|    add_ln44_fu_656_p2                 | -   |        | add_ln44        | add   | fabric | 0       |
|    add_ln813_fu_680_p2                | -   |        | add_ln813       | add   | fabric | 0       |
|    ret_V_fu_1212_p2                   | -   |        | ret_V           | sub   | fabric | 0       |
|    ret_V_9_fu_365_p2                  | -   |        | ret_V_9         | add   | fabric | 0       |
|    sub_ln1049_fu_405_p2               | -   |        | sub_ln1049      | sub   | fabric | 0       |
|    lsb_index_fu_415_p2                | -   |        | lsb_index       | add   | fabric | 0       |
|    sub_ln1052_fu_441_p2               | -   |        | sub_ln1052      | sub   | fabric | 0       |
|    add_ln1054_fu_489_p2               | -   |        | add_ln1054      | add   | fabric | 0       |
|    add_ln1063_fu_533_p2               | -   |        | add_ln1063      | add   | fabric | 0       |
|    sub_ln1064_fu_549_p2               | -   |        | sub_ln1064      | sub   | fabric | 0       |
|    m_13_fu_577_p2                     | -   |        | m_13            | add   | fabric | 0       |
|    dsqrt_64ns_64ns_64_21_no_dsp_1_U22 | -   |        | d               | dsqrt | fabric | 20      |
|    man_V_8_fu_736_p2                  | -   |        | man_V_8         | sub   | fabric | 0       |
|    F2_fu_756_p2                       | -   |        | F2              | sub   | fabric | 0       |
|    add_ln570_fu_768_p2                | -   |        | add_ln570       | add   | fabric | 0       |
|    sub_ln570_fu_774_p2                | -   |        | sub_ln570       | sub   | fabric | 0       |
|    add_ln601_fu_932_p2                | -   |        | add_ln601       | add   | fabric | 0       |
|    pos1_fu_944_p2                     | -   |        | pos1            | add   | fabric | 0       |
|    pos2_fu_958_p2                     | -   |        | pos2            | add   | fabric | 0       |
|    add_ln624_fu_1024_p2               | -   |        | add_ln624       | add   | fabric | 0       |
|    mul_43s_19ns_62_1_1_U24            | 2   |        | r_V_8           | mul   | auto   | 0       |
|    ret_V_10_fu_1336_p2                | -   |        | ret_V_10        | add   | fabric | 0       |
|    add_ln46_fu_346_p2                 | -   |        | add_ln46        | add   | fabric | 0       |
|  + max_pooling1d_0                    | 0   |        |                 |       |        |         |
|    add_ln55_1_fu_130_p2               | -   |        | add_ln55_1      | add   | fabric | 0       |
|    add_ln55_fu_142_p2                 | -   |        | add_ln55        | add   | fabric | 0       |
|    add_ln1649_fu_221_p2               | -   |        | add_ln1649      | add   | fabric | 0       |
|    add_ln68_fu_232_p2                 | -   |        | add_ln68        | add   | fabric | 0       |
|    add_ln57_fu_238_p2                 | -   |        | add_ln57        | add   | fabric | 0       |
|  + Loop_VITIS_LOOP_77_1_proc          | 0   |        |                 |       |        |         |
|    add_ln77_2_fu_129_p2               | -   |        | add_ln77_2      | add   | fabric | 0       |
|    add_ln77_fu_141_p2                 | -   |        | add_ln77        | add   | fabric | 0       |
|    add_ln77_1_fu_219_p2               | -   |        | add_ln77_1      | add   | fabric | 0       |
|    add_ln81_1_fu_181_p2               | -   |        | add_ln81_1      | add   | fabric | 0       |
|    add_ln81_fu_244_p2                 | -   |        | add_ln81        | add   | fabric | 0       |
|    add_ln79_fu_192_p2                 | -   |        | add_ln79        | add   | fabric | 0       |
|  + dense_0                            | 1   |        |                 |       |        |         |
|    add_ln88_1_fu_185_p2               | -   |        | add_ln88_1      | add   | fabric | 0       |
|    add_ln88_fu_197_p2                 | -   |        | add_ln88        | add   | fabric | 0       |
|    add_ln1273_fu_242_p2               | -   |        | add_ln1273      | add   | fabric | 0       |
|    mul_mul_24s_18s_42_4_1_U39         | 1   |        | r_V_2           | mul   | dsp48  | 3       |
|    add_ln1347_fu_317_p2               | -   |        | add_ln1347      | add   | fabric | 0       |
|    ret_V_2_fu_322_p2                  | -   |        | ret_V_2         | add   | fabric | 0       |
|    add_ln91_fu_253_p2                 | -   |        | add_ln91        | add   | fabric | 0       |
|    ret_V_fu_458_p2                    | -   |        | ret_V           | add   | fabric | 0       |
|    p_Val2_16_fu_472_p2                | -   |        | p_Val2_16       | add   | fabric | 0       |
|  + batch_normalization_1              | 2   |        |                 |       |        |         |
|    add_ln101_fu_279_p2                | -   |        | add_ln101       | add   | fabric | 0       |
|    ret_V_fu_1099_p2                   | -   |        | ret_V           | sub   | fabric | 0       |
|    ret_V_5_fu_295_p2                  | -   |        | ret_V_5         | add   | fabric | 0       |
|    sub_ln1049_fu_334_p2               | -   |        | sub_ln1049      | sub   | fabric | 0       |
|    lsb_index_fu_344_p2                | -   |        | lsb_index       | add   | fabric | 0       |
|    sub_ln1052_fu_370_p2               | -   |        | sub_ln1052      | sub   | fabric | 0       |
|    add_ln1054_fu_418_p2               | -   |        | add_ln1054      | add   | fabric | 0       |
|    add_ln1063_fu_462_p2               | -   |        | add_ln1063      | add   | fabric | 0       |
|    sub_ln1064_fu_478_p2               | -   |        | sub_ln1064      | sub   | fabric | 0       |
|    m_10_fu_506_p2                     | -   |        | m_10            | add   | fabric | 0       |
|    dsqrt_64ns_64ns_64_21_no_dsp_1_U44 | -   |        | d               | dsqrt | fabric | 20      |
|    man_V_6_fu_627_p2                  | -   |        | man_V_6         | sub   | fabric | 0       |
|    F2_fu_647_p2                       | -   |        | F2              | sub   | fabric | 0       |
|    add_ln570_fu_659_p2                | -   |        | add_ln570       | add   | fabric | 0       |
|    sub_ln570_fu_665_p2                | -   |        | sub_ln570       | sub   | fabric | 0       |
|    add_ln601_fu_823_p2                | -   |        | add_ln601       | add   | fabric | 0       |
|    pos1_fu_835_p2                     | -   |        | pos1            | add   | fabric | 0       |
|    pos2_fu_849_p2                     | -   |        | pos2            | add   | fabric | 0       |
|    add_ln624_fu_915_p2                | -   |        | add_ln624       | add   | fabric | 0       |
|    mul_43s_20ns_63_1_1_U46            | 2   |        | r_V_5           | mul   | auto   | 0       |
|    ret_V_6_fu_1225_p2                 | -   |        | ret_V_6         | add   | fabric | 0       |
|  + dense_1                            | 42  |        |                 |       |        |         |
|   + dense_1_Pipeline_VITIS_LOOP_109_1 | 16  |        |                 |       |        |         |
|     add_ln109_fu_542_p2               | -   |        | add_ln109       | add   | fabric | 0       |
|     mul_mul_24s_19s_43_4_1_U55        | 1   |        | mul_ln1273      | mul   | dsp48  | 3       |
|     mul_mul_24s_19s_43_4_1_U56        | 1   |        | mul_ln1273_1    | mul   | dsp48  | 3       |
|     add_ln1347_fu_717_p2              | -   |        | add_ln1347      | add   | fabric | 0       |
|     mul_mul_24s_19s_43_4_1_U57        | 1   |        | mul_ln1273_2    | mul   | dsp48  | 3       |
|     add_ln1347_1_fu_848_p2            | -   |        | add_ln1347_1    | add   | fabric | 0       |
|     mul_mul_24s_19s_43_4_1_U58        | 1   |        | mul_ln1273_3    | mul   | dsp48  | 3       |
|     add_ln1347_2_fu_988_p2            | -   |        | add_ln1347_2    | add   | fabric | 0       |
|     mul_mul_24s_19s_43_4_1_U59        | 1   |        | mul_ln1273_4    | mul   | dsp48  | 3       |
|     add_ln1347_3_fu_1119_p2           | -   |        | add_ln1347_3    | add   | fabric | 0       |
|     mul_mul_24s_19s_43_4_1_U60        | 1   |        | mul_ln1273_5    | mul   | dsp48  | 3       |
|     add_ln1347_4_fu_1250_p2           | -   |        | add_ln1347_4    | add   | fabric | 0       |
|     mul_mul_24s_19s_43_4_1_U61        | 1   |        | mul_ln1273_6    | mul   | dsp48  | 3       |
|     add_ln1347_5_fu_1385_p2           | -   |        | add_ln1347_5    | add   | fabric | 0       |
|     mul_mul_24s_19s_43_4_1_U62        | 1   |        | mul_ln1273_7    | mul   | dsp48  | 3       |
|     add_ln1347_6_fu_1516_p2           | -   |        | add_ln1347_6    | add   | fabric | 0       |
|     mul_mul_24s_19s_43_4_1_U63        | 1   |        | mul_ln1273_8    | mul   | dsp48  | 3       |
|     add_ln1347_7_fu_1647_p2           | -   |        | add_ln1347_7    | add   | fabric | 0       |
|     mul_mul_24s_19s_43_4_1_U64        | 1   |        | mul_ln1273_9    | mul   | dsp48  | 3       |
|     add_ln1347_8_fu_1774_p2           | -   |        | add_ln1347_8    | add   | fabric | 0       |
|     mul_mul_24s_19s_43_4_1_U65        | 1   |        | mul_ln1273_10   | mul   | dsp48  | 3       |
|     add_ln1347_9_fu_1905_p2           | -   |        | add_ln1347_9    | add   | fabric | 0       |
|     mul_mul_24s_19s_43_4_1_U66        | 1   |        | mul_ln1273_11   | mul   | dsp48  | 3       |
|     add_ln1347_10_fu_2036_p2          | -   |        | add_ln1347_10   | add   | fabric | 0       |
|     mul_mul_24s_19s_43_4_1_U67        | 1   |        | mul_ln1273_12   | mul   | dsp48  | 3       |
|     add_ln1347_11_fu_2159_p2          | -   |        | add_ln1347_11   | add   | fabric | 0       |
|     mul_mul_24s_19s_43_4_1_U68        | 1   |        | mul_ln1273_13   | mul   | dsp48  | 3       |
|     add_ln1347_12_fu_2290_p2          | -   |        | add_ln1347_12   | add   | fabric | 0       |
|     mul_mul_24s_19s_43_4_1_U69        | 1   |        | mul_ln1273_14   | mul   | dsp48  | 3       |
|     add_ln1347_13_fu_2421_p2          | -   |        | add_ln1347_13   | add   | fabric | 0       |
|     mul_mul_24s_19s_43_4_1_U70        | 1   |        | mul_ln1273_15   | mul   | dsp48  | 3       |
|     add_ln1347_14_fu_2544_p2          | -   |        | add_ln1347_14   | add   | fabric | 0       |
|     ret_V_fu_2675_p2                  | -   |        | ret_V           | add   | fabric | 0       |
|     p_Val2_13_fu_2689_p2              | -   |        | p_Val2_13       | add   | fabric | 0       |
|   + dense_1_Pipeline_VITIS_LOOP_120_3 | 0   |        |                 |       |        |         |
|     add_ln120_fu_194_p2               | -   |        | add_ln120       | add   | fabric | 0       |
|     tmp_V_fu_218_p2                   | -   |        | tmp_V           | sub   | fabric | 0       |
|     sub_ln1049_fu_264_p2              | -   |        | sub_ln1049      | sub   | fabric | 0       |
|     lsb_index_fu_274_p2               | -   |        | lsb_index       | add   | fabric | 0       |
|     sub_ln1052_fu_300_p2              | -   |        | sub_ln1052      | sub   | fabric | 0       |
|     add_ln1054_fu_348_p2              | -   |        | add_ln1054      | add   | fabric | 0       |
|     add_ln1063_fu_392_p2              | -   |        | add_ln1063      | add   | fabric | 0       |
|     sub_ln1064_fu_408_p2              | -   |        | sub_ln1064      | sub   | fabric | 0       |
|     m_5_fu_436_p2                     | -   |        | m_5             | add   | fabric | 0       |
|     man_V_4_fu_564_p2                 | -   |        | man_V_4         | sub   | fabric | 0       |
|     F2_fu_584_p2                      | -   |        | F2              | sub   | fabric | 0       |
|     add_ln570_fu_596_p2               | -   |        | add_ln570       | add   | fabric | 0       |
|     sub_ln570_fu_602_p2               | -   |        | sub_ln570       | sub   | fabric | 0       |
|     add_ln601_fu_760_p2               | -   |        | add_ln601       | add   | fabric | 0       |
|     pos1_fu_772_p2                    | -   |        | pos1            | add   | fabric | 0       |
|     pos2_fu_786_p2                    | -   |        | pos2            | add   | fabric | 0       |
|     add_ln624_fu_852_p2               | -   |        | add_ln624       | add   | fabric | 0       |
|     ret_V_fu_1111_p2                  | -   |        | ret_V           | add   | fabric | 0       |
|     softmax_sum_V_2_fu_1125_p2        | -   |        | softmax_sum_V_2 | add   | fabric | 0       |
|   + dense_1_Pipeline_VITIS_LOOP_124_4 | 0   |        |                 |       |        |         |
|     add_ln124_fu_202_p2               | -   |        | add_ln124       | add   | fabric | 0       |
|     tmp_V_fu_226_p2                   | -   |        | tmp_V           | sub   | fabric | 0       |
|     sub_ln1049_fu_272_p2              | -   |        | sub_ln1049      | sub   | fabric | 0       |
|     lsb_index_fu_282_p2               | -   |        | lsb_index       | add   | fabric | 0       |
|     sub_ln1052_fu_308_p2              | -   |        | sub_ln1052      | sub   | fabric | 0       |
|     add_ln1054_fu_356_p2              | -   |        | add_ln1054      | add   | fabric | 0       |
|     add_ln1063_fu_400_p2              | -   |        | add_ln1063      | add   | fabric | 0       |
|     sub_ln1064_fu_416_p2              | -   |        | sub_ln1064      | sub   | fabric | 0       |
|     m_3_fu_444_p2                     | -   |        | m_3             | add   | fabric | 0       |
|     man_V_1_fu_572_p2                 | -   |        | man_V_1         | sub   | fabric | 0       |
|     F2_fu_592_p2                      | -   |        | F2              | sub   | fabric | 0       |
|     add_ln570_fu_604_p2               | -   |        | add_ln570       | add   | fabric | 0       |
|     sub_ln570_fu_610_p2               | -   |        | sub_ln570       | sub   | fabric | 0       |
|     add_ln601_fu_768_p2               | -   |        | add_ln601       | add   | fabric | 0       |
|     pos1_fu_780_p2                    | -   |        | pos1            | add   | fabric | 0       |
|     pos2_fu_794_p2                    | -   |        | pos2            | add   | fabric | 0       |
|     add_ln624_fu_860_p2               | -   |        | add_ln624       | add   | fabric | 0       |
|  + Loop_VITIS_LOOP_171_3_proc9        | 0   |        |                 |       |        |         |
|    add_ln171_fu_165_p2                | -   |        | add_ln171       | add   | fabric | 0       |
|    tmp_V_fu_195_p2                    | -   |        | tmp_V           | sub   | fabric | 0       |
|    sub_ln1099_fu_241_p2               | -   |        | sub_ln1099      | sub   | fabric | 0       |
|    lsb_index_fu_251_p2                | -   |        | lsb_index       | add   | fabric | 0       |
|    sub_ln1102_fu_277_p2               | -   |        | sub_ln1102      | sub   | fabric | 0       |
|    add_ln1104_fu_325_p2               | -   |        | add_ln1104      | add   | fabric | 0       |
|    add_ln1113_fu_369_p2               | -   |        | add_ln1113      | add   | fabric | 0       |
|    sub_ln1114_fu_385_p2               | -   |        | sub_ln1114      | sub   | fabric | 0       |
|    m_16_fu_413_p2                     | -   |        | m_16            | add   | fabric | 0       |
+---------------------------------------+-----+--------+-----------------+-------+--------+---------+


================================================================
== Bind Storage Report
================================================================
+---------------------------------------+------+------+--------+-------------------------+---------+------+---------+
| Name                                  | BRAM | URAM | Pragma | Variable                | Storage | Impl | Latency |
+---------------------------------------+------+------+--------+-------------------------+---------+------+---------+
| + gesture_model                       | 38   | 0    |        |                         |         |      |         |
|   input_V_0_U                         | 2    | -    |        | input_V_0               | ram_s2p | auto | 1       |
|   output_V_U                          | -    | -    |        | output_V                | ram_s2p | auto | 1       |
|   conv1d_out_0_V_U                    | 6    | -    |        | conv1d_out_0_V          | ram_1p  | auto | 1       |
|   batch_norm_out_0_V_U                | 6    | -    |        | batch_norm_out_0_V      | ram_s2p | auto | 1       |
|   max_pool_out_0_V_U                  | 3    | -    |        | max_pool_out_0_V        | ram_1p  | auto | 1       |
|   flatten_out_0_V_U                   | 3    | -    |        | flatten_out_0_V         | ram_1p  | auto | 1       |
|   dense_out_0_V_U                     | -    | -    |        | dense_out_0_V           | ram_1p  | auto | 1       |
|   batch_norm_out_1_V_U                | -    | -    |        | batch_norm_out_1_V      | ram_s2p | auto | 1       |
|  + conv1d_0                           | 0    | 0    |        |                         |         |      |         |
|    conv1d_0_weights_V_0_0_U           | -    | -    |        | conv1d_0_weights_V_0_0  | rom_1p  | auto | 1       |
|    conv1d_0_weights_V_1_0_U           | -    | -    |        | conv1d_0_weights_V_1_0  | rom_1p  | auto | 1       |
|    conv1d_0_weights_V_2_0_U           | -    | -    |        | conv1d_0_weights_V_2_0  | rom_1p  | auto | 1       |
|    conv1d_0_biases_V_U                | -    | -    |        | conv1d_0_biases_V       | rom_1p  | auto | 1       |
|  + batch_normalization_0              | 0    | 0    |        |                         |         |      |         |
|    batch_norm_0_mean_V_U              | -    | -    |        | batch_norm_0_mean_V     | rom_1p  | auto | 1       |
|    batch_norm_0_variance_V_U          | -    | -    |        | batch_norm_0_variance_V | rom_1p  | auto | 1       |
|    batch_norm_0_gamma_V_U             | -    | -    |        | batch_norm_0_gamma_V    | rom_1p  | auto | 1       |
|    batch_norm_0_beta_V_U              | -    | -    |        | batch_norm_0_beta_V     | rom_1p  | auto | 1       |
|  + dense_0                            | 16   | 0    |        |                         |         |      |         |
|    dense_0_biases_V_U                 | -    | -    |        | dense_0_biases_V        | rom_1p  | auto | 1       |
|    dense_0_weights_V_U                | 16   | -    |        | dense_0_weights_V       | rom_1p  | auto | 1       |
|  + batch_normalization_1              | 0    | 0    |        |                         |         |      |         |
|    batch_norm_1_mean_V_U              | -    | -    |        | batch_norm_1_mean_V     | rom_1p  | auto | 1       |
|    batch_norm_1_variance_V_U          | -    | -    |        | batch_norm_1_variance_V | rom_1p  | auto | 1       |
|    batch_norm_1_gamma_V_U             | -    | -    |        | batch_norm_1_gamma_V    | rom_1p  | auto | 1       |
|    batch_norm_1_beta_V_U              | -    | -    |        | batch_norm_1_beta_V     | rom_1p  | auto | 1       |
|  + dense_1                            | 0    | 0    |        |                         |         |      |         |
|   + dense_1_Pipeline_VITIS_LOOP_109_1 | 0    | 0    |        |                         |         |      |         |
|     dense_1_weights_V_0_U             | -    | -    |        | dense_1_weights_V_0     | rom_1p  | auto | 1       |
|     dense_1_weights_V_1_U             | -    | -    |        | dense_1_weights_V_1     | rom_1p  | auto | 1       |
|     dense_1_weights_V_2_U             | -    | -    |        | dense_1_weights_V_2     | rom_1p  | auto | 1       |
|     dense_1_weights_V_3_U             | -    | -    |        | dense_1_weights_V_3     | rom_1p  | auto | 1       |
|     dense_1_weights_V_4_U             | -    | -    |        | dense_1_weights_V_4     | rom_1p  | auto | 1       |
|     dense_1_weights_V_5_U             | -    | -    |        | dense_1_weights_V_5     | rom_1p  | auto | 1       |
|     dense_1_weights_V_6_U             | -    | -    |        | dense_1_weights_V_6     | rom_1p  | auto | 1       |
|     dense_1_weights_V_7_U             | -    | -    |        | dense_1_weights_V_7     | rom_1p  | auto | 1       |
|     dense_1_weights_V_8_U             | -    | -    |        | dense_1_weights_V_8     | rom_1p  | auto | 1       |
|     dense_1_weights_V_9_U             | -    | -    |        | dense_1_weights_V_9     | rom_1p  | auto | 1       |
|     dense_1_weights_V_10_U            | -    | -    |        | dense_1_weights_V_10    | rom_1p  | auto | 1       |
|     dense_1_weights_V_11_U            | -    | -    |        | dense_1_weights_V_11    | rom_1p  | auto | 1       |
|     dense_1_weights_V_12_U            | -    | -    |        | dense_1_weights_V_12    | rom_1p  | auto | 1       |
|     dense_1_weights_V_13_U            | -    | -    |        | dense_1_weights_V_13    | rom_1p  | auto | 1       |
|     dense_1_weights_V_14_U            | -    | -    |        | dense_1_weights_V_14    | rom_1p  | auto | 1       |
|     dense_1_weights_V_15_U            | -    | -    |        | dense_1_weights_V_15    | rom_1p  | auto | 1       |
|     dense_1_biases_V_U                | -    | -    |        | dense_1_biases_V        | rom_1p  | auto | 1       |
+---------------------------------------+------+------+--------+-------------------------+---------+------+---------+


================================================================
== Pragma Report
================================================================
* Pragmas with Warnings
+----------+---------+-----------------------------------------------+------------------------------------------------------------------------------------------------------------------------------------------------------------------------------------+
| Type     | Options | Location                                      | Messages                                                                                                                                                                           |
+----------+---------+-----------------------------------------------+------------------------------------------------------------------------------------------------------------------------------------------------------------------------------------+
| dataflow |         | vitis_test/nnet/core.cpp:158 in gesture_model | Since the only kind of statements allowed in a canonical dataflow region are variable declarations and function calls, the compiler may not be able to correctly handle the region |
+----------+---------+-----------------------------------------------+------------------------------------------------------------------------------------------------------------------------------------------------------------------------------------+

* Valid Pragma Syntax
+-----------+----------------------------------+-----------------------------------------------+
| Type      | Options                          | Location                                      |
+-----------+----------------------------------+-----------------------------------------------+
| inline    |                                  | vitis_test/nnet/core.cpp:12 in custom_abs     |
| inline    |                                  | vitis_test/nnet/core.cpp:19 in relu           |
| inline    |                                  | vitis_test/nnet/core.cpp:75 in flatten_0      |
| interface | mode = axis port = input_stream  | vitis_test/nnet/core.cpp:132 in gesture_model |
| interface | mode = axis port = output_stream | vitis_test/nnet/core.cpp:133 in gesture_model |
| interface | mode = s_axilite port = return   | vitis_test/nnet/core.cpp:134 in gesture_model |
+-----------+----------------------------------+-----------------------------------------------+


