

================================================================
== Vitis HLS Report for 'sqrt_fixed_17_9_s'
================================================================
* Date:           Thu Aug 29 18:13:59 2024

* Version:        2022.2 (Build 3670227 on Oct 13 2022)
* Project:        vitis_test
* Solution:       solution1 (Vivado IP Flow Target)
* Product family: zynquplus
* Target device:  xczu3eg-sbva484-2-i


================================================================
== Performance Estimates
================================================================
+ Timing: 
    * Summary: 
    +--------+----------+----------+------------+
    |  Clock |  Target  | Estimated| Uncertainty|
    +--------+----------+----------+------------+
    |ap_clk  |  10.00 ns|  6.589 ns|     2.70 ns|
    +--------+----------+----------+------------+

+ Latency: 
    * Summary: 
    +---------+---------+-----------+-----------+-----+-----+---------+
    |  Latency (cycles) |   Latency (absolute)  |  Interval | Pipeline|
    |   min   |   max   |    min    |    max    | min | max |   Type  |
    +---------+---------+-----------+-----------+-----+-----+---------+
    |        2|        2|  20.000 ns|  20.000 ns|    1|    1|      yes|
    +---------+---------+-----------+-----------+-----+-----+---------+

    + Detail: 
        * Instance: 
        N/A

        * Loop: 
        N/A



================================================================
== Utilization Estimates
================================================================
* Summary: 
+-----------------+---------+-----+--------+-------+-----+
|       Name      | BRAM_18K| DSP |   FF   |  LUT  | URAM|
+-----------------+---------+-----+--------+-------+-----+
|DSP              |        -|    -|       -|      -|    -|
|Expression       |        -|    -|       0|   1044|    -|
|FIFO             |        -|    -|       -|      -|    -|
|Instance         |        -|    -|       -|      -|    -|
|Memory           |        -|    -|       -|      -|    -|
|Multiplexer      |        -|    -|       -|     14|    -|
|Register         |        -|    -|      65|      -|    -|
+-----------------+---------+-----+--------+-------+-----+
|Total            |        0|    0|      65|   1058|    0|
+-----------------+---------+-----+--------+-------+-----+
|Available        |      432|  360|  141120|  70560|    0|
+-----------------+---------+-----+--------+-------+-----+
|Utilization (%)  |        0|    0|      ~0|      1|    0|
+-----------------+---------+-----+--------+-------+-----+

+ Detail: 
    * Instance: 
    N/A

    * DSP: 
    N/A

    * Memory: 
    N/A

    * FIFO: 
    N/A

    * Expression: 
    +--------------------------+----------+----+---+----+------------+------------+
    |       Variable Name      | Operation| DSP| FF| LUT| Bitwidth P0| Bitwidth P1|
    +--------------------------+----------+----+---+----+------------+------------+
    |add_ln813_fu_592_p2       |         +|   0|  0|  18|           9|           2|
    |res_FH_V_24_fu_1327_p2    |         +|   0|  0|  16|           9|           1|
    |res_FH_l_V_fu_1321_p2     |         +|   0|  0|  17|          10|           1|
    |x_l_FH_V_16_fu_162_p2     |         +|   0|  0|  16|           9|           9|
    |x_l_I_V_11_fu_598_p2      |         +|   0|  0|  12|           4|           2|
    |x_l_I_V_14_fu_776_p2      |         +|   0|  0|  12|           4|           2|
    |x_l_I_V_17_fu_956_p2      |         +|   0|  0|  12|           4|           2|
    |x_l_I_V_20_fu_1141_p2     |         +|   0|  0|  12|           4|           2|
    |x_l_I_V_5_fu_374_p2       |         +|   0|  0|  10|           3|           2|
    |x_l_I_V_8_fu_487_p2       |         +|   0|  0|  10|           3|           2|
    |sub_ln813_10_fu_1135_p2   |         -|   0|  0|  18|           9|           9|
    |sub_ln813_7_fu_951_p2     |         -|   0|  0|  18|           9|           9|
    |sub_ln813_fu_770_p2       |         -|   0|  0|  18|           9|           9|
    |x_l_FH_V_18_fu_388_p2     |         -|   0|  0|  16|           9|           9|
    |x_l_FH_V_20_fu_499_p2     |         -|   0|  0|  16|           9|           9|
    |x_l_FH_V_22_fu_612_p2     |         -|   0|  0|  18|           9|           9|
    |x_l_FH_V_24_fu_790_p2     |         -|   0|  0|  18|           9|           9|
    |x_l_FH_V_26_fu_968_p2     |         -|   0|  0|  18|           9|           9|
    |x_l_FH_V_28_fu_1155_p2    |         -|   0|  0|  18|           9|           9|
    |x_l_FH_V_fu_264_p2        |         -|   0|  0|  16|           9|           9|
    |x_l_FL_V_3_fu_974_p2      |         -|   0|  0|  16|           9|           9|
    |x_l_FL_V_5_fu_1161_p2     |         -|   0|  0|  16|           9|           9|
    |x_l_FL_V_fu_796_p2        |         -|   0|  0|  16|           9|           9|
    |and_ln318_1_fu_362_p2     |       and|   0|  0|   2|           1|           1|
    |and_ln318_2_fu_476_p2     |       and|   0|  0|   2|           1|           1|
    |and_ln318_3_fu_586_p2     |       and|   0|  0|   2|           1|           1|
    |and_ln318_4_fu_736_p2     |       and|   0|  0|   2|           1|           1|
    |and_ln318_5_fu_919_p2     |       and|   0|  0|   2|           1|           1|
    |and_ln318_6_fu_1101_p2    |       and|   0|  0|   2|           1|           1|
    |and_ln318_7_fu_1195_p2    |       and|   0|  0|   2|           1|           1|
    |and_ln318_8_fu_1281_p2    |       and|   0|  0|   2|           1|           1|
    |and_ln318_fu_236_p2       |       and|   0|  0|   2|           1|           1|
    |and_ln331_1_fu_935_p2     |       and|   0|  0|   2|           1|           1|
    |and_ln331_2_fu_1119_p2    |       and|   0|  0|   2|           1|           1|
    |and_ln331_fu_754_p2       |       and|   0|  0|   2|           1|           1|
    |x_l_I_V_23_fu_168_p2      |       and|   0|  0|   2|           1|           1|
    |icmp_ln1649_1_fu_455_p2   |      icmp|   0|  0|   8|           3|           1|
    |icmp_ln1649_2_fu_568_p2   |      icmp|   0|  0|   8|           3|           1|
    |icmp_ln1649_3_fu_580_p2   |      icmp|   0|  0|  11|           9|           9|
    |icmp_ln1649_4_fu_712_p2   |      icmp|   0|  0|  11|           9|           9|
    |icmp_ln1649_5_fu_898_p2   |      icmp|   0|  0|  11|           9|           9|
    |icmp_ln1649_6_fu_1077_p2  |      icmp|   0|  0|  11|           9|           9|
    |icmp_ln1649_7_fu_1257_p2  |      icmp|   0|  0|  11|           9|           9|
    |icmp_ln1649_fu_338_p2     |      icmp|   0|  0|   8|           2|           1|
    |icmp_ln1650_1_fu_368_p2   |      icmp|   0|  0|  11|           9|           9|
    |icmp_ln1650_2_fu_482_p2   |      icmp|   0|  0|  11|           9|           9|
    |icmp_ln1650_4_fu_748_p2   |      icmp|   0|  0|  11|           9|           9|
    |icmp_ln1650_6_fu_930_p2   |      icmp|   0|  0|  11|           9|           9|
    |icmp_ln1650_8_fu_1113_p2  |      icmp|   0|  0|  11|           9|           9|
    |icmp_ln1650_fu_242_p2     |      icmp|   0|  0|  11|           9|           9|
    |icmp_ln1651_1_fu_908_p2   |      icmp|   0|  0|  11|           9|           9|
    |icmp_ln1651_2_fu_1089_p2  |      icmp|   0|  0|  11|           9|           9|
    |icmp_ln1651_3_fu_1269_p2  |      icmp|   0|  0|  11|           9|           9|
    |icmp_ln1651_fu_724_p2     |      icmp|   0|  0|  11|           9|           9|
    |icmp_ln1653_1_fu_460_p2   |      icmp|   0|  0|   8|           3|           1|
    |icmp_ln1653_2_fu_574_p2   |      icmp|   0|  0|   8|           3|           1|
    |icmp_ln1653_3_fu_718_p2   |      icmp|   0|  0|  11|           9|           9|
    |icmp_ln1653_4_fu_903_p2   |      icmp|   0|  0|  11|           9|           9|
    |icmp_ln1653_5_fu_1083_p2  |      icmp|   0|  0|  11|           9|           9|
    |icmp_ln1653_6_fu_1263_p2  |      icmp|   0|  0|  11|           9|           9|
    |icmp_ln1653_fu_344_p2     |      icmp|   0|  0|   8|           2|           1|
    |icmp_ln318_1_fu_224_p2    |      icmp|   0|  0|  11|           9|           9|
    |icmp_ln318_2_fu_350_p2    |      icmp|   0|  0|  11|           9|           9|
    |icmp_ln318_3_fu_465_p2    |      icmp|   0|  0|  11|           9|           9|
    |icmp_ln318_4_fu_706_p2    |      icmp|   0|  0|   9|           4|           1|
    |icmp_ln318_5_fu_893_p2    |      icmp|   0|  0|   9|           4|           1|
    |icmp_ln318_6_fu_1071_p2   |      icmp|   0|  0|   9|           4|           1|
    |icmp_ln318_fu_140_p2      |      icmp|   0|  0|   8|           2|           1|
    |icmp_ln353_fu_1177_p2     |      icmp|   0|  0|   9|           4|           1|
    |signbit_1_fu_925_p2       |      icmp|   0|  0|  11|           9|           9|
    |signbit_2_fu_1107_p2      |      icmp|   0|  0|  11|           9|           9|
    |signbit_fu_742_p2         |      icmp|   0|  0|  11|           9|           9|
    |x_l_I_V_22_fu_156_p2      |      icmp|   0|  0|   8|           2|           1|
    |or_ln318_10_fu_1297_p2    |        or|   0|  0|   2|           1|           1|
    |or_ln318_11_fu_1303_p2    |        or|   0|  0|   2|           1|           1|
    |or_ln318_1_fu_394_p2      |        or|   0|  0|   2|           1|           1|
    |or_ln318_2_fu_514_p2      |        or|   0|  0|   2|           1|           1|
    |or_ln318_3_fu_628_p2      |        or|   0|  0|   2|           1|           1|
    |or_ln318_4_fu_802_p2      |        or|   0|  0|   2|           1|           1|
    |or_ln318_5_fu_808_p2      |        or|   0|  0|   2|           1|           1|
    |or_ln318_6_fu_989_p2      |        or|   0|  0|   2|           1|           1|
    |or_ln318_7_fu_995_p2      |        or|   0|  0|   2|           1|           1|
    |or_ln318_8_fu_1183_p2     |        or|   0|  0|   2|           1|           1|
    |or_ln318_9_fu_1189_p2     |        or|   0|  0|   2|           1|           1|
    |or_ln318_fu_280_p2        |        or|   0|  0|   2|           1|           1|
    |or_ln331_1_fu_941_p2      |        or|   0|  0|   2|           1|           1|
    |or_ln331_2_fu_1125_p2     |        or|   0|  0|   2|           1|           1|
    |or_ln331_fu_760_p2        |        or|   0|  0|   2|           1|           1|
    |p_Val2_45_fu_182_p3       |    select|   0|  0|   9|           1|           9|
    |p_Val2_46_fu_604_p3       |    select|   0|  0|   4|           1|           4|
    |res_FH_V_15_fu_1309_p3    |    select|   0|  0|   9|           1|           9|
    |res_FH_V_17_fu_190_p3     |    select|   0|  0|  10|           1|          10|
    |res_FH_V_18_fu_306_p3     |    select|   0|  0|   9|           1|           9|
    |res_FH_V_19_fu_425_p3     |    select|   0|  0|   9|           1|           9|
    |res_FH_V_20_fu_538_p3     |    select|   0|  0|   9|           1|           9|
    |res_FH_V_21_fu_658_p3     |    select|   0|  0|   9|           1|           9|
    |res_FH_V_22_fu_847_p3     |    select|   0|  0|   9|           1|           9|
    |res_FH_V_23_fu_1023_p3    |    select|   0|  0|   9|           1|           9|
    |res_FH_V_fu_1217_p3       |    select|   0|  0|   9|           1|           9|
    |select_ln235_fu_174_p3    |    select|   0|  0|   2|           1|           2|
    |x_l_FH_V_17_fu_298_p3     |    select|   0|  0|   9|           1|           9|
    |x_l_FH_V_19_fu_408_p3     |    select|   0|  0|   9|           1|           9|
    |x_l_FH_V_21_fu_531_p3     |    select|   0|  0|   9|           1|           9|
    |x_l_FH_V_23_fu_642_p3     |    select|   0|  0|   9|           1|           9|
    |x_l_FH_V_25_fu_822_p3     |    select|   0|  0|   9|           1|           9|
    |x_l_FH_V_27_fu_1009_p3    |    select|   0|  0|   9|           1|           9|
    |x_l_FH_V_29_fu_1201_p3    |    select|   0|  0|   9|           1|           9|
    |x_l_FL_V_6_fu_1209_p3     |    select|   0|  0|   9|           1|           9|
    |x_l_FL_V_7_fu_830_p3      |    select|   0|  0|   9|           1|           9|
    |x_l_FL_V_8_fu_1016_p3     |    select|   0|  0|   9|           1|           9|
    |x_l_FL_l_V_fu_650_p3      |    select|   0|  0|  10|           1|          10|
    |x_l_I_V_24_fu_256_p3      |    select|   0|  0|   2|           1|           2|
    |x_l_I_V_25_fu_286_p3      |    select|   0|  0|   2|           1|           2|
    |x_l_I_V_26_fu_380_p3      |    select|   0|  0|   3|           1|           3|
    |x_l_I_V_27_fu_400_p3      |    select|   0|  0|   3|           1|           3|
    |x_l_I_V_28_fu_492_p3      |    select|   0|  0|   3|           1|           3|
    |x_l_I_V_29_fu_520_p3      |    select|   0|  0|   3|           1|           3|
    |x_l_I_V_30_fu_634_p3      |    select|   0|  0|   4|           1|           4|
    |x_l_I_V_31_fu_782_p3      |    select|   0|  0|   4|           1|           4|
    |x_l_I_V_32_fu_814_p3      |    select|   0|  0|   4|           1|           4|
    |x_l_I_V_33_fu_961_p3      |    select|   0|  0|   4|           1|           4|
    |x_l_I_V_34_fu_1001_p3     |    select|   0|  0|   4|           1|           4|
    |x_l_I_V_35_fu_1147_p3     |    select|   0|  0|   4|           1|           4|
    |x_l_I_V_fu_248_p3         |    select|   0|  0|   3|           1|           3|
    |xor_ln1651_1_fu_913_p2    |       xor|   0|  0|   2|           1|           2|
    |xor_ln1651_2_fu_1095_p2   |       xor|   0|  0|   2|           1|           2|
    |xor_ln1651_3_fu_1275_p2   |       xor|   0|  0|   2|           1|           2|
    |xor_ln1651_fu_730_p2      |       xor|   0|  0|   2|           1|           2|
    |xor_ln1653_fu_218_p2      |       xor|   0|  0|   2|           1|           2|
    |xor_ln318_1_fu_356_p2     |       xor|   0|  0|   2|           1|           2|
    |xor_ln318_2_fu_470_p2     |       xor|   0|  0|   2|           1|           2|
    |xor_ln318_fu_230_p2       |       xor|   0|  0|   2|           1|           2|
    +--------------------------+----------+----+---+----+------------+------------+
    |Total                     |          |   0|  0|1044|         509|         663|
    +--------------------------+----------+----+---+----+------------+------------+

    * Multiplexer: 
    +-----------+----+-----------+-----+-----------+
    |    Name   | LUT| Input Size| Bits| Total Bits|
    +-----------+----+-----------+-----+-----------+
    |ap_return  |  14|          3|    9|         27|
    +-----------+----+-----------+-----+-----------+
    |Total      |  14|          3|    9|         27|
    +-----------+----+-----------+-----+-----------+

    * Register: 
    +----------------------+---+----+-----+-----------+
    |         Name         | FF| LUT| Bits| Const Bits|
    +----------------------+---+----+-----+-----------+
    |ap_ce_reg             |  1|   0|    1|          0|
    |ap_return_int_reg     |  9|   0|    9|          0|
    |or_ln318_1_reg_1365   |  1|   0|    1|          0|
    |or_ln318_5_reg_1393   |  1|   0|    1|          0|
    |res_FH_V_18_reg_1359  |  9|   0|    9|          0|
    |res_FH_V_21_reg_1387  |  9|   0|    9|          0|
    |x_int_reg             |  8|   0|    8|          0|
    |x_l_FH_V_19_reg_1379  |  8|   0|    9|          1|
    |x_l_FH_V_25_reg_1405  |  9|   0|    9|          0|
    |x_l_FL_V_7_reg_1414   |  3|   0|    9|          6|
    |x_l_I_V_27_reg_1370   |  3|   0|    3|          0|
    |x_l_I_V_32_reg_1398   |  4|   0|    4|          0|
    +----------------------+---+----+-----+-----------+
    |Total                 | 65|   0|   72|          7|
    +----------------------+---+----+-----+-----------+



================================================================
== Interface
================================================================
* Summary: 
+-----------+-----+-----+------------+-------------------+--------------+
| RTL Ports | Dir | Bits|  Protocol  |   Source Object   |    C Type    |
+-----------+-----+-----+------------+-------------------+--------------+
|ap_clk     |   in|    1|  ap_ctrl_hs|  sqrt_fixed<17, 9>|  return value|
|ap_rst     |   in|    1|  ap_ctrl_hs|  sqrt_fixed<17, 9>|  return value|
|ap_return  |  out|    9|  ap_ctrl_hs|  sqrt_fixed<17, 9>|  return value|
|ap_ce      |   in|    1|  ap_ctrl_hs|  sqrt_fixed<17, 9>|  return value|
|x          |   in|    8|     ap_none|                  x|        scalar|
+-----------+-----+-----+------------+-------------------+--------------+

